19:28:59 **** Incremental Build of configuration Debug for project icm20600_hal ****
make -j16 all 
arm-none-eabi-gcc "../Core/Src/main.c" -mcpu=cortex-m4 -std=gnu11 -g3 -DDEBUG -DUSE_HAL_DRIVER -DSTM32G474xx -c -I../Core/Inc -I../Drivers/STM32G4xx_HAL_Driver/Inc -I../Drivers/STM32G4xx_HAL_Driver/Inc/Legacy -I../Drivers/CMSIS/Device/ST/STM32G4xx/Include -I../Drivers/CMSIS/Include -O0 -ffunction-sections -fdata-sections -Wall -fstack-usage -fcyclomatic-complexity -MMD -MP -MF"Core/Src/main.d" -MT"Core/Src/main.o" --specs=nano.specs -mfpu=fpv4-sp-d16 -mfloat-abi=hard -mthumb -o "Core/Src/main.o"
arm-none-eabi-gcc "../Core/Src/stm32g4xx_hal_msp.c" -mcpu=cortex-m4 -std=gnu11 -g3 -DDEBUG -DUSE_HAL_DRIVER -DSTM32G474xx -c -I../Core/Inc -I../Drivers/STM32G4xx_HAL_Driver/Inc -I../Drivers/STM32G4xx_HAL_Driver/Inc/Legacy -I../Drivers/CMSIS/Device/ST/STM32G4xx/Include -I../Drivers/CMSIS/Include -O0 -ffunction-sections -fdata-sections -Wall -fstack-usage -fcyclomatic-complexity -MMD -MP -MF"Core/Src/stm32g4xx_hal_msp.d" -MT"Core/Src/stm32g4xx_hal_msp.o" --specs=nano.specs -mfpu=fpv4-sp-d16 -mfloat-abi=hard -mthumb -o "Core/Src/stm32g4xx_hal_msp.o"
arm-none-eabi-gcc -o "icm20600_hal.elf" @"objects.list"   -mcpu=cortex-m4 -T"D:\Git_repositories\stm32_icm20600_spi_hal\icm20600_hal\STM32G474RETX_FLASH.ld" --specs=nosys.specs -Wl,-Map="icm20600_hal.map" -Wl,--gc-sections -static --specs=nano.specs -mfpu=fpv4-sp-d16 -mfloat-abi=hard -mthumb -Wl,--start-group -lc -lm -Wl,--end-group
Finished building target: icm20600_hal.elf
 
arm-none-eabi-size  icm20600_hal.elf 
arm-none-eabi-objdump -h -S icm20600_hal.elf  > "icm20600_hal.list"
   text	   data	    bss	    dec	    hex	filename
   8400	     12	   1716	  10128	   2790	icm20600_hal.elf
Finished building: default.size.stdout
 
Finished building: icm20600_hal.list
 
19:35:45 **** Incremental Build of configuration Debug for project icm20600_hal ****
make -j16 all 
arm-none-eabi-size  icm20600_hal.elf 
   text	   data	    bss	    dec	    hex	filename
   8400	     12	   1716	  10128	   2790	icm20600_hal.elf
Finished building: default.size.stdout
 
19:35:56 **** Incremental Build of configuration Debug for project icm20600_hal ****
make -j16 all 
arm-none-eabi-size  icm20600_hal.elf 
   text	   data	    bss	    dec	    hex	filename
   8400	     12	   1716	  10128	   2790	icm20600_hal.elf
Finished building: default.size.stdout
 
19:36:40 **** Incremental Build of configuration Debug for project icm20600_hal ****
make -j16 all 
arm-none-eabi-gcc "../Core/Src/main.c" -mcpu=cortex-m4 -std=gnu11 -g3 -DDEBUG -DUSE_HAL_DRIVER -DSTM32G474xx -c -I../Core/Inc -I../Drivers/STM32G4xx_HAL_Driver/Inc -I../Drivers/STM32G4xx_HAL_Driver/Inc/Legacy -I../Drivers/CMSIS/Device/ST/STM32G4xx/Include -I../Drivers/CMSIS/Include -O0 -ffunction-sections -fdata-sections -Wall -fstack-usage -fcyclomatic-complexity -MMD -MP -MF"Core/Src/main.d" -MT"Core/Src/main.o" --specs=nano.specs -mfpu=fpv4-sp-d16 -mfloat-abi=hard -mthumb -o "Core/Src/main.o"
arm-none-eabi-gcc -o "icm20600_hal.elf" @"objects.list"   -mcpu=cortex-m4 -T"D:\Git_repositories\stm32_icm20600_spi_hal\icm20600_hal\STM32G474RETX_FLASH.ld" --specs=nosys.specs -Wl,-Map="icm20600_hal.map" -Wl,--gc-sections -static --specs=nano.specs -mfpu=fpv4-sp-d16 -mfloat-abi=hard -mthumb -Wl,--start-group -lc -lm -Wl,--end-group
Finished building target: icm20600_hal.elf
 
arm-none-eabi-size  icm20600_hal.elf 
arm-none-eabi-objdump -h -S icm20600_hal.elf  > "icm20600_hal.list"
   text	   data	    bss	    dec	    hex	filename
   8392	     12	   1716	  10120	   2788	icm20600_hal.elf
Finished building: default.size.stdout
 
Finished building: icm20600_hal.list
 
19:36:59 **** Incremental Build of configuration Debug for project icm20600_hal ****
make -j16 all 
arm-none-eabi-size  icm20600_hal.elf 
   text	   data	    bss	    dec	    hex	filename
   8392	     12	   1716	  10120	   2788	icm20600_hal.elf
Finished building: default.size.stdout
 
19:38:05 **** Incremental Build of configuration Debug for project icm20600_hal ****
make -j16 all 
arm-none-eabi-size  icm20600_hal.elf 
   text	   data	    bss	    dec	    hex	filename
   8392	     12	   1716	  10120	   2788	icm20600_hal.elf
Finished building: default.size.stdout
 
19:38:44 **** Incremental Build of configuration Debug for project icm ****
make -j16 all 
arm-none-eabi-size  icm.elf 
   text	   data	    bss	    dec	    hex	filename
   1764	     36	   1644	   3444	    d74	icm.elf
Finished building: default.size.stdout
 
19:38:57 **** Incremental Build of configuration Debug for project icm ****
make -j16 all 
arm-none-eabi-size  icm.elf 
   text	   data	    bss	    dec	    hex	filename
   1764	     36	   1644	   3444	    d74	icm.elf
Finished building: default.size.stdout
 
19:39:53 **** Incremental Build of configuration Debug for project icm20600_hal ****
make -j16 all 
arm-none-eabi-size  icm20600_hal.elf 
   text	   data	    bss	    dec	    hex	filename
   8392	     12	   1716	  10120	   2788	icm20600_hal.elf
Finished building: default.size.stdout
 
19:42:26 **** Incremental Build of configuration Debug for project icm20600_hal ****
make -j16 all 
arm-none-eabi-size  icm20600_hal.elf 
   text	   data	    bss	    dec	    hex	filename
   8392	     12	   1716	  10120	   2788	icm20600_hal.elf
Finished building: default.size.stdout
 
20:05:31 **** Incremental Build of configuration Debug for project icm20600_hal ****
make -j16 all 
arm-none-eabi-gcc "../Core/Src/main.c" -mcpu=cortex-m4 -std=gnu11 -g3 -DDEBUG -DUSE_HAL_DRIVER -DSTM32G474xx -c -I../Core/Inc -I../Drivers/STM32G4xx_HAL_Driver/Inc -I../Drivers/STM32G4xx_HAL_Driver/Inc/Legacy -I../Drivers/CMSIS/Device/ST/STM32G4xx/Include -I../Drivers/CMSIS/Include -O0 -ffunction-sections -fdata-sections -Wall -fstack-usage -fcyclomatic-complexity -MMD -MP -MF"Core/Src/main.d" -MT"Core/Src/main.o" --specs=nano.specs -mfpu=fpv4-sp-d16 -mfloat-abi=hard -mthumb -o "Core/Src/main.o"
arm-none-eabi-gcc -o "icm20600_hal.elf" @"objects.list"   -mcpu=cortex-m4 -T"D:\Git_repositories\stm32_icm20600_spi_hal\icm20600_hal\STM32G474RETX_FLASH.ld" --specs=nosys.specs -Wl,-Map="icm20600_hal.map" -Wl,--gc-sections -static --specs=nano.specs -mfpu=fpv4-sp-d16 -mfloat-abi=hard -mthumb -Wl,--start-group -lc -lm -Wl,--end-group
Finished building target: icm20600_hal.elf
 
arm-none-eabi-size  icm20600_hal.elf 
arm-none-eabi-objdump -h -S icm20600_hal.elf  > "icm20600_hal.list"
   text	   data	    bss	    dec	    hex	filename
   8392	     12	   1716	  10120	   2788	icm20600_hal.elf
Finished building: default.size.stdout
 
Finished building: icm20600_hal.list
 
20:06:08 **** Incremental Build of configuration Debug for project icm20600_hal ****
make -j16 all 
arm-none-eabi-size  icm20600_hal.elf 
   text	   data	    bss	    dec	    hex	filename
   8392	     12	   1716	  10120	   2788	icm20600_hal.elf
Finished building: default.size.stdout
 
20:08:03 **** Incremental Build of configuration Debug for project icm20600_hal ****
make -j16 all 
arm-none-eabi-gcc "../Core/Src/main.c" -mcpu=cortex-m4 -std=gnu11 -g3 -DDEBUG -DUSE_HAL_DRIVER -DSTM32G474xx -c -I../Core/Inc -I../Drivers/STM32G4xx_HAL_Driver/Inc -I../Drivers/STM32G4xx_HAL_Driver/Inc/Legacy -I../Drivers/CMSIS/Device/ST/STM32G4xx/Include -I../Drivers/CMSIS/Include -O0 -ffunction-sections -fdata-sections -Wall -fstack-usage -fcyclomatic-complexity -MMD -MP -MF"Core/Src/main.d" -MT"Core/Src/main.o" --specs=nano.specs -mfpu=fpv4-sp-d16 -mfloat-abi=hard -mthumb -o "Core/Src/main.o"
arm-none-eabi-gcc -o "icm20600_hal.elf" @"objects.list"   -mcpu=cortex-m4 -T"D:\Git_repositories\stm32_icm20600_spi_hal\icm20600_hal\STM32G474RETX_FLASH.ld" --specs=nosys.specs -Wl,-Map="icm20600_hal.map" -Wl,--gc-sections -static --specs=nano.specs -mfpu=fpv4-sp-d16 -mfloat-abi=hard -mthumb -Wl,--start-group -lc -lm -Wl,--end-group
Finished building target: icm20600_hal.elf
 
arm-none-eabi-size  icm20600_hal.elf 
arm-none-eabi-objdump -h -S icm20600_hal.elf  > "icm20600_hal.list"
   text	   data	    bss	    dec	    hex	filename
   8392	     12	   1716	  10120	   2788	icm20600_hal.elf
Finished building: default.size.stdout
 
Finished building: icm20600_hal.list
 
20:10:23 **** Incremental Build of configuration Debug for project icm ****
make -j16 all 
arm-none-eabi-gcc "../Src/main.c" -mcpu=cortex-m4 -std=gnu11 -g3 -DDEBUG -DSTM32 -DSTM32G4 -DSTM32G474VETx -c -I../Inc -I"D:/Git_repositories/stm32-icm20600-spi-main/stm32-icm20600-spi-main/Inc/CMSIS" -O0 -ffunction-sections -fdata-sections -Wall -fstack-usage -fcyclomatic-complexity -MMD -MP -MF"Src/main.d" -MT"Src/main.o" --specs=nano.specs -mfpu=fpv4-sp-d16 -mfloat-abi=hard -mthumb -o "Src/main.o"
../Src/main.c: In function 'main':
../Src/main.c:24:1: error: stray '\' in program
   24 | \    SCB->CPACR |= 0x3 << 20;
      | ^
make: *** [Src/subdir.mk:25: Src/main.o] Error 1
"make -j16 all" terminated with exit code 2. Build might be incomplete.
20:10:41 **** Incremental Build of configuration Debug for project icm ****
make -j16 all 
arm-none-eabi-gcc "../Src/main.c" -mcpu=cortex-m4 -std=gnu11 -g3 -DDEBUG -DSTM32 -DSTM32G4 -DSTM32G474VETx -c -I../Inc -I"D:/Git_repositories/stm32-icm20600-spi-main/stm32-icm20600-spi-main/Inc/CMSIS" -O0 -ffunction-sections -fdata-sections -Wall -fstack-usage -fcyclomatic-complexity -MMD -MP -MF"Src/main.d" -MT"Src/main.o" --specs=nano.specs -mfpu=fpv4-sp-d16 -mfloat-abi=hard -mthumb -o "Src/main.o"
arm-none-eabi-gcc -o "icm.elf" @"objects.list"   -mcpu=cortex-m4 -T"D:\Git_repositories\stm32-icm20600-spi-main\stm32-icm20600-spi-main\STM32G474VETX_FLASH.ld" --specs=nosys.specs -Wl,-Map="icm.map" -Wl,--gc-sections -static --specs=nano.specs -mfpu=fpv4-sp-d16 -mfloat-abi=hard -mthumb -Wl,--start-group -lc -lm -Wl,--end-group
Finished building target: icm.elf
 
arm-none-eabi-size  icm.elf 
arm-none-eabi-objdump -h -S icm.elf  > "icm.list"
   text	   data	    bss	    dec	    hex	filename
   1764	     36	   1644	   3444	    d74	icm.elf
Finished building: default.size.stdout
 
Finished building: icm.list
 
20:16:33 **** Incremental Build of configuration Debug for project icm20600_hal ****
make -j16 all 
arm-none-eabi-gcc "../Core/Src/main.c" -mcpu=cortex-m4 -std=gnu11 -g3 -DDEBUG -DUSE_HAL_DRIVER -DSTM32G474xx -c -I../Core/Inc -I../Drivers/STM32G4xx_HAL_Driver/Inc -I../Drivers/STM32G4xx_HAL_Driver/Inc/Legacy -I../Drivers/CMSIS/Device/ST/STM32G4xx/Include -I../Drivers/CMSIS/Include -O0 -ffunction-sections -fdata-sections -Wall -fstack-usage -fcyclomatic-complexity -MMD -MP -MF"Core/Src/main.d" -MT"Core/Src/main.o" --specs=nano.specs -mfpu=fpv4-sp-d16 -mfloat-abi=hard -mthumb -o "Core/Src/main.o"
arm-none-eabi-gcc -o "icm20600_hal.elf" @"objects.list"   -mcpu=cortex-m4 -T"D:\Git_repositories\stm32_icm20600_spi_hal\icm20600_hal\STM32G474RETX_FLASH.ld" --specs=nosys.specs -Wl,-Map="icm20600_hal.map" -Wl,--gc-sections -static --specs=nano.specs -mfpu=fpv4-sp-d16 -mfloat-abi=hard -mthumb -Wl,--start-group -lc -lm -Wl,--end-group
Finished building target: icm20600_hal.elf
 
arm-none-eabi-size  icm20600_hal.elf 
arm-none-eabi-objdump -h -S icm20600_hal.elf  > "icm20600_hal.list"
   text	   data	    bss	    dec	    hex	filename
   8392	     12	   1716	  10120	   2788	icm20600_hal.elf
Finished building: default.size.stdout
 
Finished building: icm20600_hal.list
 
20:17:01 **** Incremental Build of configuration Debug for project icm20600_hal ****
make -j16 all 
arm-none-eabi-size  icm20600_hal.elf 
   text	   data	    bss	    dec	    hex	filename
   8392	     12	   1716	  10120	   2788	icm20600_hal.elf
Finished building: default.size.stdout
 
20:17:29 **** Incremental Build of configuration Debug for project icm20600_hal ****
make -j16 all 
arm-none-eabi-size  icm20600_hal.elf 
   text	   data	    bss	    dec	    hex	filename
   8392	     12	   1716	  10120	   2788	icm20600_hal.elf
Finished building: default.size.stdout
 
21:39:25 **** Incremental Build of configuration Debug for project icm20600_hal ****
make -j16 all 
arm-none-eabi-gcc "../Core/Src/main.c" -mcpu=cortex-m4 -std=gnu11 -g3 -DDEBUG -DUSE_HAL_DRIVER -DSTM32G474xx -c -I../Core/Inc -I../Drivers/STM32G4xx_HAL_Driver/Inc -I../Drivers/STM32G4xx_HAL_Driver/Inc/Legacy -I../Drivers/CMSIS/Device/ST/STM32G4xx/Include -I../Drivers/CMSIS/Include -O0 -ffunction-sections -fdata-sections -Wall -fstack-usage -fcyclomatic-complexity -MMD -MP -MF"Core/Src/main.d" -MT"Core/Src/main.o" --specs=nano.specs -mfpu=fpv4-sp-d16 -mfloat-abi=hard -mthumb -o "Core/Src/main.o"
arm-none-eabi-gcc -o "icm20600_hal.elf" @"objects.list"   -mcpu=cortex-m4 -T"D:\Git_repositories\stm32_icm20600_spi_hal\icm20600_hal\STM32G474RETX_FLASH.ld" --specs=nosys.specs -Wl,-Map="icm20600_hal.map" -Wl,--gc-sections -static --specs=nano.specs -mfpu=fpv4-sp-d16 -mfloat-abi=hard -mthumb -Wl,--start-group -lc -lm -Wl,--end-group
Finished building target: icm20600_hal.elf
 
arm-none-eabi-size  icm20600_hal.elf 
arm-none-eabi-objdump -h -S icm20600_hal.elf  > "icm20600_hal.list"
   text	   data	    bss	    dec	    hex	filename
   8392	     12	   1716	  10120	   2788	icm20600_hal.elf
Finished building: default.size.stdout
 
Finished building: icm20600_hal.list
 
21:40:53 **** Incremental Build of configuration Debug for project icm20600_hal ****
make -j16 all 
arm-none-eabi-gcc "../Core/Src/main.c" -mcpu=cortex-m4 -std=gnu11 -g3 -DDEBUG -DUSE_HAL_DRIVER -DSTM32G474xx -c -I../Core/Inc -I../Drivers/STM32G4xx_HAL_Driver/Inc -I../Drivers/STM32G4xx_HAL_Driver/Inc/Legacy -I../Drivers/CMSIS/Device/ST/STM32G4xx/Include -I../Drivers/CMSIS/Include -O0 -ffunction-sections -fdata-sections -Wall -fstack-usage -fcyclomatic-complexity -MMD -MP -MF"Core/Src/main.d" -MT"Core/Src/main.o" --specs=nano.specs -mfpu=fpv4-sp-d16 -mfloat-abi=hard -mthumb -o "Core/Src/main.o"
arm-none-eabi-gcc -o "icm20600_hal.elf" @"objects.list"   -mcpu=cortex-m4 -T"D:\Git_repositories\stm32_icm20600_spi_hal\icm20600_hal\STM32G474RETX_FLASH.ld" --specs=nosys.specs -Wl,-Map="icm20600_hal.map" -Wl,--gc-sections -static --specs=nano.specs -mfpu=fpv4-sp-d16 -mfloat-abi=hard -mthumb -Wl,--start-group -lc -lm -Wl,--end-group
Finished building target: icm20600_hal.elf
 
arm-none-eabi-size  icm20600_hal.elf 
arm-none-eabi-objdump -h -S icm20600_hal.elf  > "icm20600_hal.list"
   text	   data	    bss	    dec	    hex	filename
   8400	     12	   1724	  10136	   2798	icm20600_hal.elf
Finished building: default.size.stdout
 
Finished building: icm20600_hal.list
 
21:46:03 **** Incremental Build of configuration Debug for project icm20600_hal ****
make -j16 all 
arm-none-eabi-gcc "../Core/Src/main.c" -mcpu=cortex-m4 -std=gnu11 -g3 -DDEBUG -DUSE_HAL_DRIVER -DSTM32G474xx -c -I../Core/Inc -I../Drivers/STM32G4xx_HAL_Driver/Inc -I../Drivers/STM32G4xx_HAL_Driver/Inc/Legacy -I../Drivers/CMSIS/Device/ST/STM32G4xx/Include -I../Drivers/CMSIS/Include -O0 -ffunction-sections -fdata-sections -Wall -fstack-usage -fcyclomatic-complexity -MMD -MP -MF"Core/Src/main.d" -MT"Core/Src/main.o" --specs=nano.specs -mfpu=fpv4-sp-d16 -mfloat-abi=hard -mthumb -o "Core/Src/main.o"
../Core/Src/main.c: In function 'spi_read':
../Core/Src/main.c:64:37: warning: passing argument 2 of 'HAL_SPI_TransmitReceive' from incompatible pointer type [-Wincompatible-pointer-types]
   64 |     HAL_SPI_TransmitReceive(&hspi1, &tx_data, &rx_data, 2, 30);
      |                                     ^~~~~~~~
      |                                     |
      |                                     uint8_t (*)[2] {aka unsigned char (*)[2]}
In file included from ../Core/Inc/stm32g4xx_hal_conf.h:336,
                 from ../Drivers/STM32G4xx_HAL_Driver/Inc/stm32g4xx_hal.h:29,
                 from ../Core/Inc/main.h:30,
                 from ../Core/Src/main.c:20:
../Drivers/STM32G4xx_HAL_Driver/Inc/stm32g4xx_hal_spi.h:798:83: note: expected 'const uint8_t *' {aka 'const unsigned char *'} but argument is of type 'uint8_t (*)[2]' {aka 'unsigned char (*)[2]'}
  798 | HAL_StatusTypeDef HAL_SPI_TransmitReceive(SPI_HandleTypeDef *hspi, const uint8_t *pTxData, uint8_t *pRxData,
      |                                                                    ~~~~~~~~~~~~~~~^~~~~~~
../Core/Src/main.c:64:47: warning: passing argument 3 of 'HAL_SPI_TransmitReceive' from incompatible pointer type [-Wincompatible-pointer-types]
   64 |     HAL_SPI_TransmitReceive(&hspi1, &tx_data, &rx_data, 2, 30);
      |                                               ^~~~~~~~
      |                                               |
      |                                               uint8_t (*)[2] {aka unsigned char (*)[2]}
../Drivers/STM32G4xx_HAL_Driver/Inc/stm32g4xx_hal_spi.h:798:101: note: expected 'uint8_t *' {aka 'unsigned char *'} but argument is of type 'uint8_t (*)[2]' {aka 'unsigned char (*)[2]'}
  798 | HAL_StatusTypeDef HAL_SPI_TransmitReceive(SPI_HandleTypeDef *hspi, const uint8_t *pTxData, uint8_t *pRxData,
      |                                                                                            ~~~~~~~~~^~~~~~~
arm-none-eabi-gcc -o "icm20600_hal.elf" @"objects.list"   -mcpu=cortex-m4 -T"D:\Git_repositories\stm32_icm20600_spi_hal\icm20600_hal\STM32G474RETX_FLASH.ld" --specs=nosys.specs -Wl,-Map="icm20600_hal.map" -Wl,--gc-sections -static --specs=nano.specs -mfpu=fpv4-sp-d16 -mfloat-abi=hard -mthumb -Wl,--start-group -lc -lm -Wl,--end-group
Finished building target: icm20600_hal.elf
 
arm-none-eabi-size  icm20600_hal.elf 
arm-none-eabi-objdump -h -S icm20600_hal.elf  > "icm20600_hal.list"
   text	   data	    bss	    dec	    hex	filename
   8400	     12	   1724	  10136	   2798	icm20600_hal.elf
Finished building: default.size.stdout
 
Finished building: icm20600_hal.list
 
21:47:04 **** Incremental Build of configuration Debug for project icm20600_hal ****
make -j16 all 
arm-none-eabi-gcc "../Core/Src/main.c" -mcpu=cortex-m4 -std=gnu11 -g3 -DDEBUG -DUSE_HAL_DRIVER -DSTM32G474xx -c -I../Core/Inc -I../Drivers/STM32G4xx_HAL_Driver/Inc -I../Drivers/STM32G4xx_HAL_Driver/Inc/Legacy -I../Drivers/CMSIS/Device/ST/STM32G4xx/Include -I../Drivers/CMSIS/Include -O0 -ffunction-sections -fdata-sections -Wall -fstack-usage -fcyclomatic-complexity -MMD -MP -MF"Core/Src/main.d" -MT"Core/Src/main.o" --specs=nano.specs -mfpu=fpv4-sp-d16 -mfloat-abi=hard -mthumb -o "Core/Src/main.o"
arm-none-eabi-gcc -o "icm20600_hal.elf" @"objects.list"   -mcpu=cortex-m4 -T"D:\Git_repositories\stm32_icm20600_spi_hal\icm20600_hal\STM32G474RETX_FLASH.ld" --specs=nosys.specs -Wl,-Map="icm20600_hal.map" -Wl,--gc-sections -static --specs=nano.specs -mfpu=fpv4-sp-d16 -mfloat-abi=hard -mthumb -Wl,--start-group -lc -lm -Wl,--end-group
Finished building target: icm20600_hal.elf
 
arm-none-eabi-size  icm20600_hal.elf 
arm-none-eabi-objdump -h -S icm20600_hal.elf  > "icm20600_hal.list"
   text	   data	    bss	    dec	    hex	filename
   8400	     12	   1724	  10136	   2798	icm20600_hal.elf
Finished building: default.size.stdout
 
Finished building: icm20600_hal.list
 
21:56:52 **** Incremental Build of configuration Debug for project icm20600_hal ****
make -j16 all 
arm-none-eabi-gcc "../Core/Src/main.c" -mcpu=cortex-m4 -std=gnu11 -g3 -DDEBUG -DUSE_HAL_DRIVER -DSTM32G474xx -c -I../Core/Inc -I../Drivers/STM32G4xx_HAL_Driver/Inc -I../Drivers/STM32G4xx_HAL_Driver/Inc/Legacy -I../Drivers/CMSIS/Device/ST/STM32G4xx/Include -I../Drivers/CMSIS/Include -O0 -ffunction-sections -fdata-sections -Wall -fstack-usage -fcyclomatic-complexity -MMD -MP -MF"Core/Src/main.d" -MT"Core/Src/main.o" --specs=nano.specs -mfpu=fpv4-sp-d16 -mfloat-abi=hard -mthumb -o "Core/Src/main.o"
../Core/Src/main.c: In function 'spi_read':
../Core/Src/main.c:64:44: warning: passing argument 2 of 'HAL_SPI_TransmitReceive' makes pointer from integer without a cast [-Wint-conversion]
   64 |     HAL_SPI_TransmitReceive(&hspi1, tx_data[0], rx_data[0], 1, 30);
      |                                     ~~~~~~~^~~
      |                                            |
      |                                            uint8_t {aka unsigned char}
In file included from ../Core/Inc/stm32g4xx_hal_conf.h:336,
                 from ../Drivers/STM32G4xx_HAL_Driver/Inc/stm32g4xx_hal.h:29,
                 from ../Core/Inc/main.h:30,
                 from ../Core/Src/main.c:20:
../Drivers/STM32G4xx_HAL_Driver/Inc/stm32g4xx_hal_spi.h:798:83: note: expected 'const uint8_t *' {aka 'const unsigned char *'} but argument is of type 'uint8_t' {aka 'unsigned char'}
  798 | HAL_StatusTypeDef HAL_SPI_TransmitReceive(SPI_HandleTypeDef *hspi, const uint8_t *pTxData, uint8_t *pRxData,
      |                                                                    ~~~~~~~~~~~~~~~^~~~~~~
../Core/Src/main.c:64:56: warning: passing argument 3 of 'HAL_SPI_TransmitReceive' makes pointer from integer without a cast [-Wint-conversion]
   64 |     HAL_SPI_TransmitReceive(&hspi1, tx_data[0], rx_data[0], 1, 30);
      |                                                 ~~~~~~~^~~
      |                                                        |
      |                                                        uint8_t {aka unsigned char}
../Drivers/STM32G4xx_HAL_Driver/Inc/stm32g4xx_hal_spi.h:798:101: note: expected 'uint8_t *' {aka 'unsigned char *'} but argument is of type 'uint8_t' {aka 'unsigned char'}
  798 | HAL_StatusTypeDef HAL_SPI_TransmitReceive(SPI_HandleTypeDef *hspi, const uint8_t *pTxData, uint8_t *pRxData,
      |                                                                                            ~~~~~~~~~^~~~~~~
../Core/Src/main.c:65:44: warning: passing argument 2 of 'HAL_SPI_TransmitReceive' makes pointer from integer without a cast [-Wint-conversion]
   65 |     HAL_SPI_TransmitReceive(&hspi1, tx_data[1], rx_data[1], 1, 30);
      |                                     ~~~~~~~^~~
      |                                            |
      |                                            uint8_t {aka unsigned char}
../Drivers/STM32G4xx_HAL_Driver/Inc/stm32g4xx_hal_spi.h:798:83: note: expected 'const uint8_t *' {aka 'const unsigned char *'} but argument is of type 'uint8_t' {aka 'unsigned char'}
  798 | HAL_StatusTypeDef HAL_SPI_TransmitReceive(SPI_HandleTypeDef *hspi, const uint8_t *pTxData, uint8_t *pRxData,
      |                                                                    ~~~~~~~~~~~~~~~^~~~~~~
../Core/Src/main.c:65:56: warning: passing argument 3 of 'HAL_SPI_TransmitReceive' makes pointer from integer without a cast [-Wint-conversion]
   65 |     HAL_SPI_TransmitReceive(&hspi1, tx_data[1], rx_data[1], 1, 30);
      |                                                 ~~~~~~~^~~
      |                                                        |
      |                                                        uint8_t {aka unsigned char}
../Drivers/STM32G4xx_HAL_Driver/Inc/stm32g4xx_hal_spi.h:798:101: note: expected 'uint8_t *' {aka 'unsigned char *'} but argument is of type 'uint8_t' {aka 'unsigned char'}
  798 | HAL_StatusTypeDef HAL_SPI_TransmitReceive(SPI_HandleTypeDef *hspi, const uint8_t *pTxData, uint8_t *pRxData,
      |                                                                                            ~~~~~~~~~^~~~~~~
arm-none-eabi-gcc -o "icm20600_hal.elf" @"objects.list"   -mcpu=cortex-m4 -T"D:\Git_repositories\stm32_icm20600_spi_hal\icm20600_hal\STM32G474RETX_FLASH.ld" --specs=nosys.specs -Wl,-Map="icm20600_hal.map" -Wl,--gc-sections -static --specs=nano.specs -mfpu=fpv4-sp-d16 -mfloat-abi=hard -mthumb -Wl,--start-group -lc -lm -Wl,--end-group
Finished building target: icm20600_hal.elf
 
arm-none-eabi-size  icm20600_hal.elf 
arm-none-eabi-objdump -h -S icm20600_hal.elf  > "icm20600_hal.list"
   text	   data	    bss	    dec	    hex	filename
   8432	     12	   1724	  10168	   27b8	icm20600_hal.elf
Finished building: default.size.stdout
 
Finished building: icm20600_hal.list
 
21:57:19 **** Incremental Build of configuration Debug for project icm20600_hal ****
make -j16 all 
arm-none-eabi-size  icm20600_hal.elf 
   text	   data	    bss	    dec	    hex	filename
   8432	     12	   1724	  10168	   27b8	icm20600_hal.elf
Finished building: default.size.stdout
 
22:01:56 **** Incremental Build of configuration Debug for project icm20600_hal ****
make -j16 all 
arm-none-eabi-gcc "../Core/Src/main.c" -mcpu=cortex-m4 -std=gnu11 -g3 -DDEBUG -DUSE_HAL_DRIVER -DSTM32G474xx -c -I../Core/Inc -I../Drivers/STM32G4xx_HAL_Driver/Inc -I../Drivers/STM32G4xx_HAL_Driver/Inc/Legacy -I../Drivers/CMSIS/Device/ST/STM32G4xx/Include -I../Drivers/CMSIS/Include -O0 -ffunction-sections -fdata-sections -Wall -fstack-usage -fcyclomatic-complexity -MMD -MP -MF"Core/Src/main.d" -MT"Core/Src/main.o" --specs=nano.specs -mfpu=fpv4-sp-d16 -mfloat-abi=hard -mthumb -o "Core/Src/main.o"
../Core/Src/main.c: In function 'spi_read':
../Core/Src/main.c:64:44: warning: passing argument 2 of 'HAL_SPI_TransmitReceive' makes pointer from integer without a cast [-Wint-conversion]
   64 |     HAL_SPI_TransmitReceive(&hspi1, tx_data[0], rx_data[0], 1, 30);
      |                                     ~~~~~~~^~~
      |                                            |
      |                                            uint8_t {aka unsigned char}
In file included from ../Core/Inc/stm32g4xx_hal_conf.h:336,
                 from ../Drivers/STM32G4xx_HAL_Driver/Inc/stm32g4xx_hal.h:29,
                 from ../Core/Inc/main.h:30,
                 from ../Core/Src/main.c:20:
../Drivers/STM32G4xx_HAL_Driver/Inc/stm32g4xx_hal_spi.h:798:83: note: expected 'const uint8_t *' {aka 'const unsigned char *'} but argument is of type 'uint8_t' {aka 'unsigned char'}
  798 | HAL_StatusTypeDef HAL_SPI_TransmitReceive(SPI_HandleTypeDef *hspi, const uint8_t *pTxData, uint8_t *pRxData,
      |                                                                    ~~~~~~~~~~~~~~~^~~~~~~
../Core/Src/main.c:64:56: warning: passing argument 3 of 'HAL_SPI_TransmitReceive' makes pointer from integer without a cast [-Wint-conversion]
   64 |     HAL_SPI_TransmitReceive(&hspi1, tx_data[0], rx_data[0], 1, 30);
      |                                                 ~~~~~~~^~~
      |                                                        |
      |                                                        uint8_t {aka unsigned char}
../Drivers/STM32G4xx_HAL_Driver/Inc/stm32g4xx_hal_spi.h:798:101: note: expected 'uint8_t *' {aka 'unsigned char *'} but argument is of type 'uint8_t' {aka 'unsigned char'}
  798 | HAL_StatusTypeDef HAL_SPI_TransmitReceive(SPI_HandleTypeDef *hspi, const uint8_t *pTxData, uint8_t *pRxData,
      |                                                                                            ~~~~~~~~~^~~~~~~
arm-none-eabi-gcc -o "icm20600_hal.elf" @"objects.list"   -mcpu=cortex-m4 -T"D:\Git_repositories\stm32_icm20600_spi_hal\icm20600_hal\STM32G474RETX_FLASH.ld" --specs=nosys.specs -Wl,-Map="icm20600_hal.map" -Wl,--gc-sections -static --specs=nano.specs -mfpu=fpv4-sp-d16 -mfloat-abi=hard -mthumb -Wl,--start-group -lc -lm -Wl,--end-group
Finished building target: icm20600_hal.elf
 
arm-none-eabi-size  icm20600_hal.elf 
arm-none-eabi-objdump -h -S icm20600_hal.elf  > "icm20600_hal.list"
   text	   data	    bss	    dec	    hex	filename
   8408	     12	   1724	  10144	   27a0	icm20600_hal.elf
Finished building: default.size.stdout
 
Finished building: icm20600_hal.list
 
22:02:35 **** Incremental Build of configuration Debug for project icm20600_hal ****
make -j16 all 
arm-none-eabi-size  icm20600_hal.elf 
   text	   data	    bss	    dec	    hex	filename
   8408	     12	   1724	  10144	   27a0	icm20600_hal.elf
Finished building: default.size.stdout
 
22:03:22 **** Incremental Build of configuration Debug for project icm20600_hal ****
make -j16 all 
arm-none-eabi-gcc "../Core/Src/main.c" -mcpu=cortex-m4 -std=gnu11 -g3 -DDEBUG -DUSE_HAL_DRIVER -DSTM32G474xx -c -I../Core/Inc -I../Drivers/STM32G4xx_HAL_Driver/Inc -I../Drivers/STM32G4xx_HAL_Driver/Inc/Legacy -I../Drivers/CMSIS/Device/ST/STM32G4xx/Include -I../Drivers/CMSIS/Include -O0 -ffunction-sections -fdata-sections -Wall -fstack-usage -fcyclomatic-complexity -MMD -MP -MF"Core/Src/main.d" -MT"Core/Src/main.o" --specs=nano.specs -mfpu=fpv4-sp-d16 -mfloat-abi=hard -mthumb -o "Core/Src/main.o"
../Core/Src/main.c: In function 'spi_read':
../Core/Src/main.c:64:44: warning: passing argument 2 of 'HAL_SPI_TransmitReceive' makes pointer from integer without a cast [-Wint-conversion]
   64 |     HAL_SPI_TransmitReceive(&hspi1, tx_data[0], rx_data[0], 1, 30);
      |                                     ~~~~~~~^~~
      |                                            |
      |                                            uint8_t {aka unsigned char}
In file included from ../Core/Inc/stm32g4xx_hal_conf.h:336,
                 from ../Drivers/STM32G4xx_HAL_Driver/Inc/stm32g4xx_hal.h:29,
                 from ../Core/Inc/main.h:30,
                 from ../Core/Src/main.c:20:
../Drivers/STM32G4xx_HAL_Driver/Inc/stm32g4xx_hal_spi.h:798:83: note: expected 'const uint8_t *' {aka 'const unsigned char *'} but argument is of type 'uint8_t' {aka 'unsigned char'}
  798 | HAL_StatusTypeDef HAL_SPI_TransmitReceive(SPI_HandleTypeDef *hspi, const uint8_t *pTxData, uint8_t *pRxData,
      |                                                                    ~~~~~~~~~~~~~~~^~~~~~~
../Core/Src/main.c:64:56: warning: passing argument 3 of 'HAL_SPI_TransmitReceive' makes pointer from integer without a cast [-Wint-conversion]
   64 |     HAL_SPI_TransmitReceive(&hspi1, tx_data[0], rx_data[0], 1, 30);
      |                                                 ~~~~~~~^~~
      |                                                        |
      |                                                        uint8_t {aka unsigned char}
../Drivers/STM32G4xx_HAL_Driver/Inc/stm32g4xx_hal_spi.h:798:101: note: expected 'uint8_t *' {aka 'unsigned char *'} but argument is of type 'uint8_t' {aka 'unsigned char'}
  798 | HAL_StatusTypeDef HAL_SPI_TransmitReceive(SPI_HandleTypeDef *hspi, const uint8_t *pTxData, uint8_t *pRxData,
      |                                                                                            ~~~~~~~~~^~~~~~~
../Core/Src/main.c:65:44: warning: passing argument 2 of 'HAL_SPI_TransmitReceive' makes pointer from integer without a cast [-Wint-conversion]
   65 |     HAL_SPI_TransmitReceive(&hspi1, tx_data[1], rx_data[1], 1, 30);
      |                                     ~~~~~~~^~~
      |                                            |
      |                                            uint8_t {aka unsigned char}
../Drivers/STM32G4xx_HAL_Driver/Inc/stm32g4xx_hal_spi.h:798:83: note: expected 'const uint8_t *' {aka 'const unsigned char *'} but argument is of type 'uint8_t' {aka 'unsigned char'}
  798 | HAL_StatusTypeDef HAL_SPI_TransmitReceive(SPI_HandleTypeDef *hspi, const uint8_t *pTxData, uint8_t *pRxData,
      |                                                                    ~~~~~~~~~~~~~~~^~~~~~~
../Core/Src/main.c:65:56: warning: passing argument 3 of 'HAL_SPI_TransmitReceive' makes pointer from integer without a cast [-Wint-conversion]
   65 |     HAL_SPI_TransmitReceive(&hspi1, tx_data[1], rx_data[1], 1, 30);
      |                                                 ~~~~~~~^~~
      |                                                        |
      |                                                        uint8_t {aka unsigned char}
../Drivers/STM32G4xx_HAL_Driver/Inc/stm32g4xx_hal_spi.h:798:101: note: expected 'uint8_t *' {aka 'unsigned char *'} but argument is of type 'uint8_t' {aka 'unsigned char'}
  798 | HAL_StatusTypeDef HAL_SPI_TransmitReceive(SPI_HandleTypeDef *hspi, const uint8_t *pTxData, uint8_t *pRxData,
      |                                                                                            ~~~~~~~~~^~~~~~~
arm-none-eabi-gcc -o "icm20600_hal.elf" @"objects.list"   -mcpu=cortex-m4 -T"D:\Git_repositories\stm32_icm20600_spi_hal\icm20600_hal\STM32G474RETX_FLASH.ld" --specs=nosys.specs -Wl,-Map="icm20600_hal.map" -Wl,--gc-sections -static --specs=nano.specs -mfpu=fpv4-sp-d16 -mfloat-abi=hard -mthumb -Wl,--start-group -lc -lm -Wl,--end-group
Finished building target: icm20600_hal.elf
 
arm-none-eabi-size  icm20600_hal.elf 
arm-none-eabi-objdump -h -S icm20600_hal.elf  > "icm20600_hal.list"
   text	   data	    bss	    dec	    hex	filename
   8432	     12	   1724	  10168	   27b8	icm20600_hal.elf
Finished building: default.size.stdout
 
Finished building: icm20600_hal.list
 
22:04:12 **** Incremental Build of configuration Debug for project icm20600_hal ****
make -j16 all 
arm-none-eabi-gcc "../Core/Src/main.c" -mcpu=cortex-m4 -std=gnu11 -g3 -DDEBUG -DUSE_HAL_DRIVER -DSTM32G474xx -c -I../Core/Inc -I../Drivers/STM32G4xx_HAL_Driver/Inc -I../Drivers/STM32G4xx_HAL_Driver/Inc/Legacy -I../Drivers/CMSIS/Device/ST/STM32G4xx/Include -I../Drivers/CMSIS/Include -O0 -ffunction-sections -fdata-sections -Wall -fstack-usage -fcyclomatic-complexity -MMD -MP -MF"Core/Src/main.d" -MT"Core/Src/main.o" --specs=nano.specs -mfpu=fpv4-sp-d16 -mfloat-abi=hard -mthumb -o "Core/Src/main.o"
../Core/Src/main.c: In function 'spi_read':
../Core/Src/main.c:64:44: warning: passing argument 2 of 'HAL_SPI_TransmitReceive' makes pointer from integer without a cast [-Wint-conversion]
   64 |     HAL_SPI_TransmitReceive(&hspi1, tx_data[0], rx_data[0], 1, 30);
      |                                     ~~~~~~~^~~
      |                                            |
      |                                            uint8_t {aka unsigned char}
In file included from ../Core/Inc/stm32g4xx_hal_conf.h:336,
                 from ../Drivers/STM32G4xx_HAL_Driver/Inc/stm32g4xx_hal.h:29,
                 from ../Core/Inc/main.h:30,
                 from ../Core/Src/main.c:20:
../Drivers/STM32G4xx_HAL_Driver/Inc/stm32g4xx_hal_spi.h:798:83: note: expected 'const uint8_t *' {aka 'const unsigned char *'} but argument is of type 'uint8_t' {aka 'unsigned char'}
  798 | HAL_StatusTypeDef HAL_SPI_TransmitReceive(SPI_HandleTypeDef *hspi, const uint8_t *pTxData, uint8_t *pRxData,
      |                                                                    ~~~~~~~~~~~~~~~^~~~~~~
../Core/Src/main.c:64:56: warning: passing argument 3 of 'HAL_SPI_TransmitReceive' makes pointer from integer without a cast [-Wint-conversion]
   64 |     HAL_SPI_TransmitReceive(&hspi1, tx_data[0], rx_data[0], 1, 30);
      |                                                 ~~~~~~~^~~
      |                                                        |
      |                                                        uint8_t {aka unsigned char}
../Drivers/STM32G4xx_HAL_Driver/Inc/stm32g4xx_hal_spi.h:798:101: note: expected 'uint8_t *' {aka 'unsigned char *'} but argument is of type 'uint8_t' {aka 'unsigned char'}
  798 | HAL_StatusTypeDef HAL_SPI_TransmitReceive(SPI_HandleTypeDef *hspi, const uint8_t *pTxData, uint8_t *pRxData,
      |                                                                                            ~~~~~~~~~^~~~~~~
../Core/Src/main.c:65:44: warning: passing argument 2 of 'HAL_SPI_TransmitReceive' makes pointer from integer without a cast [-Wint-conversion]
   65 |     HAL_SPI_TransmitReceive(&hspi1, tx_data[1], rx_data[1], 1, 30);
      |                                     ~~~~~~~^~~
      |                                            |
      |                                            uint8_t {aka unsigned char}
../Drivers/STM32G4xx_HAL_Driver/Inc/stm32g4xx_hal_spi.h:798:83: note: expected 'const uint8_t *' {aka 'const unsigned char *'} but argument is of type 'uint8_t' {aka 'unsigned char'}
  798 | HAL_StatusTypeDef HAL_SPI_TransmitReceive(SPI_HandleTypeDef *hspi, const uint8_t *pTxData, uint8_t *pRxData,
      |                                                                    ~~~~~~~~~~~~~~~^~~~~~~
../Core/Src/main.c:65:56: warning: passing argument 3 of 'HAL_SPI_TransmitReceive' makes pointer from integer without a cast [-Wint-conversion]
   65 |     HAL_SPI_TransmitReceive(&hspi1, tx_data[1], rx_data[1], 1, 30);
      |                                                 ~~~~~~~^~~
      |                                                        |
      |                                                        uint8_t {aka unsigned char}
../Drivers/STM32G4xx_HAL_Driver/Inc/stm32g4xx_hal_spi.h:798:101: note: expected 'uint8_t *' {aka 'unsigned char *'} but argument is of type 'uint8_t' {aka 'unsigned char'}
  798 | HAL_StatusTypeDef HAL_SPI_TransmitReceive(SPI_HandleTypeDef *hspi, const uint8_t *pTxData, uint8_t *pRxData,
      |                                                                                            ~~~~~~~~~^~~~~~~
arm-none-eabi-gcc -o "icm20600_hal.elf" @"objects.list"   -mcpu=cortex-m4 -T"D:\Git_repositories\stm32_icm20600_spi_hal\icm20600_hal\STM32G474RETX_FLASH.ld" --specs=nosys.specs -Wl,-Map="icm20600_hal.map" -Wl,--gc-sections -static --specs=nano.specs -mfpu=fpv4-sp-d16 -mfloat-abi=hard -mthumb -Wl,--start-group -lc -lm -Wl,--end-group
Finished building target: icm20600_hal.elf
 
arm-none-eabi-size  icm20600_hal.elf 
arm-none-eabi-objdump -h -S icm20600_hal.elf  > "icm20600_hal.list"
   text	   data	    bss	    dec	    hex	filename
   8432	     12	   1724	  10168	   27b8	icm20600_hal.elf
Finished building: default.size.stdout
 
Finished building: icm20600_hal.list
 
22:05:15 **** Incremental Build of configuration Debug for project icm20600_hal ****
make -j16 all 
arm-none-eabi-gcc "../Core/Src/main.c" -mcpu=cortex-m4 -std=gnu11 -g3 -DDEBUG -DUSE_HAL_DRIVER -DSTM32G474xx -c -I../Core/Inc -I../Drivers/STM32G4xx_HAL_Driver/Inc -I../Drivers/STM32G4xx_HAL_Driver/Inc/Legacy -I../Drivers/CMSIS/Device/ST/STM32G4xx/Include -I../Drivers/CMSIS/Include -O0 -ffunction-sections -fdata-sections -Wall -fstack-usage -fcyclomatic-complexity -MMD -MP -MF"Core/Src/main.d" -MT"Core/Src/main.o" --specs=nano.specs -mfpu=fpv4-sp-d16 -mfloat-abi=hard -mthumb -o "Core/Src/main.o"
../Core/Src/main.c: In function 'spi_read':
../Core/Src/main.c:64:44: warning: passing argument 2 of 'HAL_SPI_TransmitReceive' makes pointer from integer without a cast [-Wint-conversion]
   64 |     HAL_SPI_TransmitReceive(&hspi1, tx_data[0], rx_data[0], 1, 30);
      |                                     ~~~~~~~^~~
      |                                            |
      |                                            uint8_t {aka unsigned char}
In file included from ../Core/Inc/stm32g4xx_hal_conf.h:336,
                 from ../Drivers/STM32G4xx_HAL_Driver/Inc/stm32g4xx_hal.h:29,
                 from ../Core/Inc/main.h:30,
                 from ../Core/Src/main.c:20:
../Drivers/STM32G4xx_HAL_Driver/Inc/stm32g4xx_hal_spi.h:798:83: note: expected 'const uint8_t *' {aka 'const unsigned char *'} but argument is of type 'uint8_t' {aka 'unsigned char'}
  798 | HAL_StatusTypeDef HAL_SPI_TransmitReceive(SPI_HandleTypeDef *hspi, const uint8_t *pTxData, uint8_t *pRxData,
      |                                                                    ~~~~~~~~~~~~~~~^~~~~~~
../Core/Src/main.c:64:56: warning: passing argument 3 of 'HAL_SPI_TransmitReceive' makes pointer from integer without a cast [-Wint-conversion]
   64 |     HAL_SPI_TransmitReceive(&hspi1, tx_data[0], rx_data[0], 1, 30);
      |                                                 ~~~~~~~^~~
      |                                                        |
      |                                                        uint8_t {aka unsigned char}
../Drivers/STM32G4xx_HAL_Driver/Inc/stm32g4xx_hal_spi.h:798:101: note: expected 'uint8_t *' {aka 'unsigned char *'} but argument is of type 'uint8_t' {aka 'unsigned char'}
  798 | HAL_StatusTypeDef HAL_SPI_TransmitReceive(SPI_HandleTypeDef *hspi, const uint8_t *pTxData, uint8_t *pRxData,
      |                                                                                            ~~~~~~~~~^~~~~~~
arm-none-eabi-gcc -o "icm20600_hal.elf" @"objects.list"   -mcpu=cortex-m4 -T"D:\Git_repositories\stm32_icm20600_spi_hal\icm20600_hal\STM32G474RETX_FLASH.ld" --specs=nosys.specs -Wl,-Map="icm20600_hal.map" -Wl,--gc-sections -static --specs=nano.specs -mfpu=fpv4-sp-d16 -mfloat-abi=hard -mthumb -Wl,--start-group -lc -lm -Wl,--end-group
Finished building target: icm20600_hal.elf
 
arm-none-eabi-size  icm20600_hal.elf 
arm-none-eabi-objdump -h -S icm20600_hal.elf  > "icm20600_hal.list"
   text	   data	    bss	    dec	    hex	filename
   8408	     12	   1724	  10144	   27a0	icm20600_hal.elf
Finished building: default.size.stdout
 
Finished building: icm20600_hal.list
 
22:05:43 **** Incremental Build of configuration Debug for project icm20600_hal ****
make -j16 all 
arm-none-eabi-gcc "../Core/Src/main.c" -mcpu=cortex-m4 -std=gnu11 -g3 -DDEBUG -DUSE_HAL_DRIVER -DSTM32G474xx -c -I../Core/Inc -I../Drivers/STM32G4xx_HAL_Driver/Inc -I../Drivers/STM32G4xx_HAL_Driver/Inc/Legacy -I../Drivers/CMSIS/Device/ST/STM32G4xx/Include -I../Drivers/CMSIS/Include -O0 -ffunction-sections -fdata-sections -Wall -fstack-usage -fcyclomatic-complexity -MMD -MP -MF"Core/Src/main.d" -MT"Core/Src/main.o" --specs=nano.specs -mfpu=fpv4-sp-d16 -mfloat-abi=hard -mthumb -o "Core/Src/main.o"
arm-none-eabi-gcc -o "icm20600_hal.elf" @"objects.list"   -mcpu=cortex-m4 -T"D:\Git_repositories\stm32_icm20600_spi_hal\icm20600_hal\STM32G474RETX_FLASH.ld" --specs=nosys.specs -Wl,-Map="icm20600_hal.map" -Wl,--gc-sections -static --specs=nano.specs -mfpu=fpv4-sp-d16 -mfloat-abi=hard -mthumb -Wl,--start-group -lc -lm -Wl,--end-group
Finished building target: icm20600_hal.elf
 
arm-none-eabi-size  icm20600_hal.elf 
arm-none-eabi-objdump -h -S icm20600_hal.elf  > "icm20600_hal.list"
   text	   data	    bss	    dec	    hex	filename
   8400	     12	   1724	  10136	   2798	icm20600_hal.elf
Finished building: default.size.stdout
 
Finished building: icm20600_hal.list
 
22:07:18 **** Incremental Build of configuration Debug for project icm20600_hal ****
make -j16 all 
arm-none-eabi-gcc "../Core/Src/main.c" -mcpu=cortex-m4 -std=gnu11 -g3 -DDEBUG -DUSE_HAL_DRIVER -DSTM32G474xx -c -I../Core/Inc -I../Drivers/STM32G4xx_HAL_Driver/Inc -I../Drivers/STM32G4xx_HAL_Driver/Inc/Legacy -I../Drivers/CMSIS/Device/ST/STM32G4xx/Include -I../Drivers/CMSIS/Include -O0 -ffunction-sections -fdata-sections -Wall -fstack-usage -fcyclomatic-complexity -MMD -MP -MF"Core/Src/main.d" -MT"Core/Src/main.o" --specs=nano.specs -mfpu=fpv4-sp-d16 -mfloat-abi=hard -mthumb -o "Core/Src/main.o"
../Core/Src/main.c: In function 'spi_read':
../Core/Src/main.c:64:46: error: expected expression before ',' token
   64 |     HAL_SPI_TransmitReceive(&hspi1, tx_data, , 1, 30);
      |                                              ^
make: *** [Core/Src/subdir.mk:34: Core/Src/main.o] Error 1
"make -j16 all" terminated with exit code 2. Build might be incomplete.
22:07:56 **** Incremental Build of configuration Debug for project icm20600_hal ****
make -j16 all 
arm-none-eabi-gcc "../Core/Src/main.c" -mcpu=cortex-m4 -std=gnu11 -g3 -DDEBUG -DUSE_HAL_DRIVER -DSTM32G474xx -c -I../Core/Inc -I../Drivers/STM32G4xx_HAL_Driver/Inc -I../Drivers/STM32G4xx_HAL_Driver/Inc/Legacy -I../Drivers/CMSIS/Device/ST/STM32G4xx/Include -I../Drivers/CMSIS/Include -O0 -ffunction-sections -fdata-sections -Wall -fstack-usage -fcyclomatic-complexity -MMD -MP -MF"Core/Src/main.d" -MT"Core/Src/main.o" --specs=nano.specs -mfpu=fpv4-sp-d16 -mfloat-abi=hard -mthumb -o "Core/Src/main.o"
../Core/Src/main.c: In function 'spi_read':
../Core/Src/main.c:64:45: warning: passing argument 3 of 'HAL_SPI_TransmitReceive' makes pointer from integer without a cast [-Wint-conversion]
   64 |     HAL_SPI_TransmitReceive(&hspi1, tx_data,rx_data , 1, 30);
      |                                             ^~~~~~~
      |                                             |
      |                                             uint8_t {aka unsigned char}
In file included from ../Core/Inc/stm32g4xx_hal_conf.h:336,
                 from ../Drivers/STM32G4xx_HAL_Driver/Inc/stm32g4xx_hal.h:29,
                 from ../Core/Inc/main.h:30,
                 from ../Core/Src/main.c:20:
../Drivers/STM32G4xx_HAL_Driver/Inc/stm32g4xx_hal_spi.h:798:101: note: expected 'uint8_t *' {aka 'unsigned char *'} but argument is of type 'uint8_t' {aka 'unsigned char'}
  798 | HAL_StatusTypeDef HAL_SPI_TransmitReceive(SPI_HandleTypeDef *hspi, const uint8_t *pTxData, uint8_t *pRxData,
      |                                                                                            ~~~~~~~~~^~~~~~~
../Core/Src/main.c:65:45: warning: passing argument 3 of 'HAL_SPI_TransmitReceive' makes pointer from integer without a cast [-Wint-conversion]
   65 |     HAL_SPI_TransmitReceive(&hspi1, tx_data,rx_data , 1, 30);
      |                                             ^~~~~~~
      |                                             |
      |                                             uint8_t {aka unsigned char}
../Drivers/STM32G4xx_HAL_Driver/Inc/stm32g4xx_hal_spi.h:798:101: note: expected 'uint8_t *' {aka 'unsigned char *'} but argument is of type 'uint8_t' {aka 'unsigned char'}
  798 | HAL_StatusTypeDef HAL_SPI_TransmitReceive(SPI_HandleTypeDef *hspi, const uint8_t *pTxData, uint8_t *pRxData,
      |                                                                                            ~~~~~~~~~^~~~~~~
../Core/Src/main.c:69:19: error: subscripted value is neither array nor pointer nor vector
   69 |     return rx_data[0];
      |                   ^
../Core/Src/main.c:70:1: warning: control reaches end of non-void function [-Wreturn-type]
   70 | }
      | ^
make: *** [Core/Src/subdir.mk:34: Core/Src/main.o] Error 1
"make -j16 all" terminated with exit code 2. Build might be incomplete.
22:08:07 **** Incremental Build of configuration Debug for project icm20600_hal ****
make -j16 all 
arm-none-eabi-gcc "../Core/Src/main.c" -mcpu=cortex-m4 -std=gnu11 -g3 -DDEBUG -DUSE_HAL_DRIVER -DSTM32G474xx -c -I../Core/Inc -I../Drivers/STM32G4xx_HAL_Driver/Inc -I../Drivers/STM32G4xx_HAL_Driver/Inc/Legacy -I../Drivers/CMSIS/Device/ST/STM32G4xx/Include -I../Drivers/CMSIS/Include -O0 -ffunction-sections -fdata-sections -Wall -fstack-usage -fcyclomatic-complexity -MMD -MP -MF"Core/Src/main.d" -MT"Core/Src/main.o" --specs=nano.specs -mfpu=fpv4-sp-d16 -mfloat-abi=hard -mthumb -o "Core/Src/main.o"
../Core/Src/main.c: In function 'spi_read':
../Core/Src/main.c:64:45: warning: passing argument 3 of 'HAL_SPI_TransmitReceive' makes pointer from integer without a cast [-Wint-conversion]
   64 |     HAL_SPI_TransmitReceive(&hspi1, tx_data,rx_data , 1, 30);
      |                                             ^~~~~~~
      |                                             |
      |                                             uint8_t {aka unsigned char}
In file included from ../Core/Inc/stm32g4xx_hal_conf.h:336,
                 from ../Drivers/STM32G4xx_HAL_Driver/Inc/stm32g4xx_hal.h:29,
                 from ../Core/Inc/main.h:30,
                 from ../Core/Src/main.c:20:
../Drivers/STM32G4xx_HAL_Driver/Inc/stm32g4xx_hal_spi.h:798:101: note: expected 'uint8_t *' {aka 'unsigned char *'} but argument is of type 'uint8_t' {aka 'unsigned char'}
  798 | HAL_StatusTypeDef HAL_SPI_TransmitReceive(SPI_HandleTypeDef *hspi, const uint8_t *pTxData, uint8_t *pRxData,
      |                                                                                            ~~~~~~~~~^~~~~~~
../Core/Src/main.c:65:45: warning: passing argument 3 of 'HAL_SPI_TransmitReceive' makes pointer from integer without a cast [-Wint-conversion]
   65 |     HAL_SPI_TransmitReceive(&hspi1, tx_data,rx_data , 1, 30);
      |                                             ^~~~~~~
      |                                             |
      |                                             uint8_t {aka unsigned char}
../Drivers/STM32G4xx_HAL_Driver/Inc/stm32g4xx_hal_spi.h:798:101: note: expected 'uint8_t *' {aka 'unsigned char *'} but argument is of type 'uint8_t' {aka 'unsigned char'}
  798 | HAL_StatusTypeDef HAL_SPI_TransmitReceive(SPI_HandleTypeDef *hspi, const uint8_t *pTxData, uint8_t *pRxData,
      |                                                                                            ~~~~~~~~~^~~~~~~
arm-none-eabi-gcc -o "icm20600_hal.elf" @"objects.list"   -mcpu=cortex-m4 -T"D:\Git_repositories\stm32_icm20600_spi_hal\icm20600_hal\STM32G474RETX_FLASH.ld" --specs=nosys.specs -Wl,-Map="icm20600_hal.map" -Wl,--gc-sections -static --specs=nano.specs -mfpu=fpv4-sp-d16 -mfloat-abi=hard -mthumb -Wl,--start-group -lc -lm -Wl,--end-group
Finished building target: icm20600_hal.elf
 
arm-none-eabi-size  icm20600_hal.elf 
arm-none-eabi-objdump -h -S icm20600_hal.elf  > "icm20600_hal.list"
   text	   data	    bss	    dec	    hex	filename
   8424	     12	   1716	  10152	   27a8	icm20600_hal.elf
Finished building: default.size.stdout
 
Finished building: icm20600_hal.list
 
22:09:10 **** Incremental Build of configuration Debug for project icm20600_hal ****
make -j16 all 
arm-none-eabi-gcc "../Core/Src/main.c" -mcpu=cortex-m4 -std=gnu11 -g3 -DDEBUG -DUSE_HAL_DRIVER -DSTM32G474xx -c -I../Core/Inc -I../Drivers/STM32G4xx_HAL_Driver/Inc -I../Drivers/STM32G4xx_HAL_Driver/Inc/Legacy -I../Drivers/CMSIS/Device/ST/STM32G4xx/Include -I../Drivers/CMSIS/Include -O0 -ffunction-sections -fdata-sections -Wall -fstack-usage -fcyclomatic-complexity -MMD -MP -MF"Core/Src/main.d" -MT"Core/Src/main.o" --specs=nano.specs -mfpu=fpv4-sp-d16 -mfloat-abi=hard -mthumb -o "Core/Src/main.o"
arm-none-eabi-gcc -o "icm20600_hal.elf" @"objects.list"   -mcpu=cortex-m4 -T"D:\Git_repositories\stm32_icm20600_spi_hal\icm20600_hal\STM32G474RETX_FLASH.ld" --specs=nosys.specs -Wl,-Map="icm20600_hal.map" -Wl,--gc-sections -static --specs=nano.specs -mfpu=fpv4-sp-d16 -mfloat-abi=hard -mthumb -Wl,--start-group -lc -lm -Wl,--end-group
Finished building target: icm20600_hal.elf
 
arm-none-eabi-size  icm20600_hal.elf 
arm-none-eabi-objdump -h -S icm20600_hal.elf  > "icm20600_hal.list"
   text	   data	    bss	    dec	    hex	filename
   9212	     12	   1716	  10940	   2abc	icm20600_hal.elf
Finished building: default.size.stdout
 
Finished building: icm20600_hal.list
 
22:10:18 **** Incremental Build of configuration Debug for project icm20600_hal ****
make -j16 all 
arm-none-eabi-size  icm20600_hal.elf 
   text	   data	    bss	    dec	    hex	filename
   9212	     12	   1716	  10940	   2abc	icm20600_hal.elf
Finished building: default.size.stdout
 
22:10:38 **** Incremental Build of configuration Debug for project icm20600_hal ****
make -j16 all 
arm-none-eabi-size  icm20600_hal.elf 
   text	   data	    bss	    dec	    hex	filename
   9212	     12	   1716	  10940	   2abc	icm20600_hal.elf
Finished building: default.size.stdout
 
22:17:45 **** Incremental Build of configuration Debug for project icm20600_hal ****
make -j16 all 
arm-none-eabi-gcc "../Core/Src/main.c" -mcpu=cortex-m4 -std=gnu11 -g3 -DDEBUG -DUSE_HAL_DRIVER -DSTM32G474xx -c -I../Core/Inc -I../Drivers/STM32G4xx_HAL_Driver/Inc -I../Drivers/STM32G4xx_HAL_Driver/Inc/Legacy -I../Drivers/CMSIS/Device/ST/STM32G4xx/Include -I../Drivers/CMSIS/Include -O0 -ffunction-sections -fdata-sections -Wall -fstack-usage -fcyclomatic-complexity -MMD -MP -MF"Core/Src/main.d" -MT"Core/Src/main.o" --specs=nano.specs -mfpu=fpv4-sp-d16 -mfloat-abi=hard -mthumb -o "Core/Src/main.o"
../Core/Src/main.c: In function 'spi_read':
../Core/Src/main.c:68:12: warning: returning 'uint8_t *' {aka 'unsigned char *'} from a function with return type 'uint8_t' {aka 'unsigned char'} makes integer from pointer without a cast [-Wint-conversion]
   68 |     return rx_data;
      |            ^~~~~~~
arm-none-eabi-gcc -o "icm20600_hal.elf" @"objects.list"   -mcpu=cortex-m4 -T"D:\Git_repositories\stm32_icm20600_spi_hal\icm20600_hal\STM32G474RETX_FLASH.ld" --specs=nosys.specs -Wl,-Map="icm20600_hal.map" -Wl,--gc-sections -static --specs=nano.specs -mfpu=fpv4-sp-d16 -mfloat-abi=hard -mthumb -Wl,--start-group -lc -lm -Wl,--end-group
Finished building target: icm20600_hal.elf
 
arm-none-eabi-size  icm20600_hal.elf 
arm-none-eabi-objdump -h -S icm20600_hal.elf  > "icm20600_hal.list"
   text	   data	    bss	    dec	    hex	filename
   8400	     12	   1724	  10136	   2798	icm20600_hal.elf
Finished building: default.size.stdout
 
Finished building: icm20600_hal.list
 
22:18:24 **** Incremental Build of configuration Debug for project icm20600_hal ****
make -j16 all 
arm-none-eabi-size  icm20600_hal.elf 
   text	   data	    bss	    dec	    hex	filename
   8400	     12	   1724	  10136	   2798	icm20600_hal.elf
Finished building: default.size.stdout
 
22:18:57 **** Incremental Build of configuration Debug for project icm20600_hal ****
make -j16 all 
arm-none-eabi-size  icm20600_hal.elf 
   text	   data	    bss	    dec	    hex	filename
   8400	     12	   1724	  10136	   2798	icm20600_hal.elf
Finished building: default.size.stdout
 
22:19:49 **** Incremental Build of configuration Debug for project icm20600_hal ****
make -j16 all 
arm-none-eabi-size  icm20600_hal.elf 
   text	   data	    bss	    dec	    hex	filename
   8400	     12	   1724	  10136	   2798	icm20600_hal.elf
Finished building: default.size.stdout
 
22:20:50 **** Incremental Build of configuration Debug for project icm20600_hal ****
make -j16 all 
arm-none-eabi-size  icm20600_hal.elf 
   text	   data	    bss	    dec	    hex	filename
   8400	     12	   1724	  10136	   2798	icm20600_hal.elf
Finished building: default.size.stdout
 
22:25:16 **** Incremental Build of configuration Debug for project icm20600_hal ****
make -j16 all 
arm-none-eabi-gcc "../Core/Src/main.c" -mcpu=cortex-m4 -std=gnu11 -g3 -DDEBUG -DUSE_HAL_DRIVER -DSTM32G474xx -c -I../Core/Inc -I../Drivers/STM32G4xx_HAL_Driver/Inc -I../Drivers/STM32G4xx_HAL_Driver/Inc/Legacy -I../Drivers/CMSIS/Device/ST/STM32G4xx/Include -I../Drivers/CMSIS/Include -O0 -ffunction-sections -fdata-sections -Wall -fstack-usage -fcyclomatic-complexity -MMD -MP -MF"Core/Src/main.d" -MT"Core/Src/main.o" --specs=nano.specs -mfpu=fpv4-sp-d16 -mfloat-abi=hard -mthumb -o "Core/Src/main.o"
../Core/Src/main.c: In function 'spi_read':
../Core/Src/main.c:68:12: warning: returning 'uint8_t *' {aka 'unsigned char *'} from a function with return type 'uint8_t' {aka 'unsigned char'} makes integer from pointer without a cast [-Wint-conversion]
   68 |     return rx_data;
      |            ^~~~~~~
arm-none-eabi-gcc -o "icm20600_hal.elf" @"objects.list"   -mcpu=cortex-m4 -T"D:\Git_repositories\stm32_icm20600_spi_hal\icm20600_hal\STM32G474RETX_FLASH.ld" --specs=nosys.specs -Wl,-Map="icm20600_hal.map" -Wl,--gc-sections -static --specs=nano.specs -mfpu=fpv4-sp-d16 -mfloat-abi=hard -mthumb -Wl,--start-group -lc -lm -Wl,--end-group
Finished building target: icm20600_hal.elf
 
arm-none-eabi-size  icm20600_hal.elf 
arm-none-eabi-objdump -h -S icm20600_hal.elf  > "icm20600_hal.list"
   text	   data	    bss	    dec	    hex	filename
   8400	     16	   1720	  10136	   2798	icm20600_hal.elf
Finished building: default.size.stdout
 
Finished building: icm20600_hal.list
 
22:25:40 **** Incremental Build of configuration Debug for project icm20600_hal ****
make -j16 all 
arm-none-eabi-size  icm20600_hal.elf 
   text	   data	    bss	    dec	    hex	filename
   8400	     16	   1720	  10136	   2798	icm20600_hal.elf
Finished building: default.size.stdout
 
22:40:47 **** Incremental Build of configuration Debug for project icm20600_hal ****
make -j16 all 
arm-none-eabi-gcc "../Core/Src/main.c" -mcpu=cortex-m4 -std=gnu11 -g3 -DDEBUG -DUSE_HAL_DRIVER -DSTM32G474xx -c -I../Core/Inc -I../Drivers/STM32G4xx_HAL_Driver/Inc -I../Drivers/STM32G4xx_HAL_Driver/Inc/Legacy -I../Drivers/CMSIS/Device/ST/STM32G4xx/Include -I../Drivers/CMSIS/Include -O0 -ffunction-sections -fdata-sections -Wall -fstack-usage -fcyclomatic-complexity -MMD -MP -MF"Core/Src/main.d" -MT"Core/Src/main.o" --specs=nano.specs -mfpu=fpv4-sp-d16 -mfloat-abi=hard -mthumb -o "Core/Src/main.o"
../Core/Src/main.c: In function 'spi_read':
../Core/Src/main.c:68:12: warning: returning 'uint8_t *' {aka 'unsigned char *'} from a function with return type 'uint8_t' {aka 'unsigned char'} makes integer from pointer without a cast [-Wint-conversion]
   68 |     return rx_data;
      |            ^~~~~~~
arm-none-eabi-gcc -o "icm20600_hal.elf" @"objects.list"   -mcpu=cortex-m4 -T"D:\Git_repositories\stm32_icm20600_spi_hal\icm20600_hal\STM32G474RETX_FLASH.ld" --specs=nosys.specs -Wl,-Map="icm20600_hal.map" -Wl,--gc-sections -static --specs=nano.specs -mfpu=fpv4-sp-d16 -mfloat-abi=hard -mthumb -Wl,--start-group -lc -lm -Wl,--end-group
Finished building target: icm20600_hal.elf
 
arm-none-eabi-size  icm20600_hal.elf 
arm-none-eabi-objdump -h -S icm20600_hal.elf  > "icm20600_hal.list"
   text	   data	    bss	    dec	    hex	filename
   8468	     16	   1720	  10204	   27dc	icm20600_hal.elf
Finished building: default.size.stdout
 
Finished building: icm20600_hal.list
 
22:42:06 **** Incremental Build of configuration Debug for project icm20600_hal ****
make -j16 all 
arm-none-eabi-size  icm20600_hal.elf 
   text	   data	    bss	    dec	    hex	filename
   8468	     16	   1720	  10204	   27dc	icm20600_hal.elf
Finished building: default.size.stdout
 
22:44:31 **** Incremental Build of configuration Debug for project icm ****
make -j16 all 
arm-none-eabi-size  icm.elf 
   text	   data	    bss	    dec	    hex	filename
   1764	     36	   1644	   3444	    d74	icm.elf
Finished building: default.size.stdout
 
22:44:54 **** Incremental Build of configuration Debug for project icm ****
make -j16 all 
arm-none-eabi-size  icm.elf 
   text	   data	    bss	    dec	    hex	filename
   1764	     36	   1644	   3444	    d74	icm.elf
Finished building: default.size.stdout
 
22:53:12 **** Incremental Build of configuration Debug for project icm20600_hal ****
make -j16 all 
arm-none-eabi-gcc "../Core/Src/main.c" -mcpu=cortex-m4 -std=gnu11 -g3 -DDEBUG -DUSE_HAL_DRIVER -DSTM32G474xx -c -I../Core/Inc -I../Drivers/STM32G4xx_HAL_Driver/Inc -I../Drivers/STM32G4xx_HAL_Driver/Inc/Legacy -I../Drivers/CMSIS/Device/ST/STM32G4xx/Include -I../Drivers/CMSIS/Include -O0 -ffunction-sections -fdata-sections -Wall -fstack-usage -fcyclomatic-complexity -MMD -MP -MF"Core/Src/main.d" -MT"Core/Src/main.o" --specs=nano.specs -mfpu=fpv4-sp-d16 -mfloat-abi=hard -mthumb -o "Core/Src/main.o"
../Core/Src/main.c: In function 'spi_read':
../Core/Src/main.c:68:12: warning: returning 'uint8_t *' {aka 'unsigned char *'} from a function with return type 'uint8_t' {aka 'unsigned char'} makes integer from pointer without a cast [-Wint-conversion]
   68 |     return rx_data;
      |            ^~~~~~~
../Core/Src/main.c: In function 'check_frxth':
../Core/Src/main.c:74:5: warning: implicit declaration of function 'printf' [-Wimplicit-function-declaration]
   74 |     printf("FRXTH bit = %d\n", frxth_value);
      |     ^~~~~~
../Core/Src/main.c:21:1: note: include '<stdio.h>' or provide a declaration of 'printf'
   20 | #include "main.h"
  +++ |+#include <stdio.h>
   21 | 
../Core/Src/main.c:74:5: warning: incompatible implicit declaration of built-in function 'printf' [-Wbuiltin-declaration-mismatch]
   74 |     printf("FRXTH bit = %d\n", frxth_value);
      |     ^~~~~~
../Core/Src/main.c:74:5: note: include '<stdio.h>' or provide a declaration of 'printf'
arm-none-eabi-gcc -o "icm20600_hal.elf" @"objects.list"   -mcpu=cortex-m4 -T"D:\Git_repositories\stm32_icm20600_spi_hal\icm20600_hal\STM32G474RETX_FLASH.ld" --specs=nosys.specs -Wl,-Map="icm20600_hal.map" -Wl,--gc-sections -static --specs=nano.specs -mfpu=fpv4-sp-d16 -mfloat-abi=hard -mthumb -Wl,--start-group -lc -lm -Wl,--end-group
Finished building target: icm20600_hal.elf
 
arm-none-eabi-size  icm20600_hal.elf 
arm-none-eabi-objdump -h -S icm20600_hal.elf  > "icm20600_hal.list"
   text	   data	    bss	    dec	    hex	filename
  13044	    108	   2052	  15204	   3b64	icm20600_hal.elf
Finished building: default.size.stdout
 
Finished building: icm20600_hal.list
 
22:54:55 **** Incremental Build of configuration Debug for project icm20600_hal ****
make -j16 all 
arm-none-eabi-gcc "../Core/Src/main.c" -mcpu=cortex-m4 -std=gnu11 -g3 -DDEBUG -DUSE_HAL_DRIVER -DSTM32G474xx -c -I../Core/Inc -I../Drivers/STM32G4xx_HAL_Driver/Inc -I../Drivers/STM32G4xx_HAL_Driver/Inc/Legacy -I../Drivers/CMSIS/Device/ST/STM32G4xx/Include -I../Drivers/CMSIS/Include -O0 -ffunction-sections -fdata-sections -Wall -fstack-usage -fcyclomatic-complexity -MMD -MP -MF"Core/Src/main.d" -MT"Core/Src/main.o" --specs=nano.specs -mfpu=fpv4-sp-d16 -mfloat-abi=hard -mthumb -o "Core/Src/main.o"
../Core/Src/main.c: In function 'spi_read':
../Core/Src/main.c:69:12: warning: returning 'uint8_t *' {aka 'unsigned char *'} from a function with return type 'uint8_t' {aka 'unsigned char'} makes integer from pointer without a cast [-Wint-conversion]
   69 |     return rx_data;
      |            ^~~~~~~
../Core/Src/main.c: In function 'check_frxth':
../Core/Src/main.c:75:5: warning: implicit declaration of function 'printf' [-Wimplicit-function-declaration]
   75 |     printf("FRXTH bit = %d\n", frxth_value);
      |     ^~~~~~
../Core/Src/main.c:21:1: note: include '<stdio.h>' or provide a declaration of 'printf'
   20 | #include "main.h"
  +++ |+#include <stdio.h>
   21 | 
../Core/Src/main.c:75:5: warning: incompatible implicit declaration of built-in function 'printf' [-Wbuiltin-declaration-mismatch]
   75 |     printf("FRXTH bit = %d\n", frxth_value);
      |     ^~~~~~
../Core/Src/main.c:75:5: note: include '<stdio.h>' or provide a declaration of 'printf'
arm-none-eabi-gcc -o "icm20600_hal.elf" @"objects.list"   -mcpu=cortex-m4 -T"D:\Git_repositories\stm32_icm20600_spi_hal\icm20600_hal\STM32G474RETX_FLASH.ld" --specs=nosys.specs -Wl,-Map="icm20600_hal.map" -Wl,--gc-sections -static --specs=nano.specs -mfpu=fpv4-sp-d16 -mfloat-abi=hard -mthumb -Wl,--start-group -lc -lm -Wl,--end-group
Finished building target: icm20600_hal.elf
 
arm-none-eabi-size  icm20600_hal.elf 
arm-none-eabi-objdump -h -S icm20600_hal.elf  > "icm20600_hal.list"
   text	   data	    bss	    dec	    hex	filename
  13056	    108	   2052	  15216	   3b70	icm20600_hal.elf
Finished building: default.size.stdout
 
Finished building: icm20600_hal.list
 
22:58:20 **** Incremental Build of configuration Debug for project icm20600_hal ****
make -j16 all 
arm-none-eabi-gcc "../Core/Src/main.c" -mcpu=cortex-m4 -std=gnu11 -g3 -DDEBUG -DUSE_HAL_DRIVER -DSTM32G474xx -c -I../Core/Inc -I../Drivers/STM32G4xx_HAL_Driver/Inc -I../Drivers/STM32G4xx_HAL_Driver/Inc/Legacy -I../Drivers/CMSIS/Device/ST/STM32G4xx/Include -I../Drivers/CMSIS/Include -O0 -ffunction-sections -fdata-sections -Wall -fstack-usage -fcyclomatic-complexity -MMD -MP -MF"Core/Src/main.d" -MT"Core/Src/main.o" --specs=nano.specs -mfpu=fpv4-sp-d16 -mfloat-abi=hard -mthumb -o "Core/Src/main.o"
../Core/Src/main.c: In function 'spi_read':
../Core/Src/main.c:64:46: warning: passing argument 3 of 'HAL_SPI_TransmitReceive' makes pointer from integer without a cast [-Wint-conversion]
   64 |     HAL_SPI_TransmitReceive(&hspi1, tx_data, rx_data, 1, 50);
      |                                              ^~~~~~~
      |                                              |
      |                                              uint8_t {aka unsigned char}
In file included from ../Core/Inc/stm32g4xx_hal_conf.h:336,
                 from ../Drivers/STM32G4xx_HAL_Driver/Inc/stm32g4xx_hal.h:29,
                 from ../Core/Inc/main.h:30,
                 from ../Core/Src/main.c:20:
../Drivers/STM32G4xx_HAL_Driver/Inc/stm32g4xx_hal_spi.h:798:101: note: expected 'uint8_t *' {aka 'unsigned char *'} but argument is of type 'uint8_t' {aka 'unsigned char'}
  798 | HAL_StatusTypeDef HAL_SPI_TransmitReceive(SPI_HandleTypeDef *hspi, const uint8_t *pTxData, uint8_t *pRxData,
      |                                                                                            ~~~~~~~~~^~~~~~~
../Core/Src/main.c:65:46: warning: passing argument 3 of 'HAL_SPI_TransmitReceive' makes pointer from integer without a cast [-Wint-conversion]
   65 |     HAL_SPI_TransmitReceive(&hspi1, tx_data, rx_data, 1, 50);
      |                                              ^~~~~~~
      |                                              |
      |                                              uint8_t {aka unsigned char}
../Drivers/STM32G4xx_HAL_Driver/Inc/stm32g4xx_hal_spi.h:798:101: note: expected 'uint8_t *' {aka 'unsigned char *'} but argument is of type 'uint8_t' {aka 'unsigned char'}
  798 | HAL_StatusTypeDef HAL_SPI_TransmitReceive(SPI_HandleTypeDef *hspi, const uint8_t *pTxData, uint8_t *pRxData,
      |                                                                                            ~~~~~~~~~^~~~~~~
arm-none-eabi-gcc -o "icm20600_hal.elf" @"objects.list"   -mcpu=cortex-m4 -T"D:\Git_repositories\stm32_icm20600_spi_hal\icm20600_hal\STM32G474RETX_FLASH.ld" --specs=nosys.specs -Wl,-Map="icm20600_hal.map" -Wl,--gc-sections -static --specs=nano.specs -mfpu=fpv4-sp-d16 -mfloat-abi=hard -mthumb -Wl,--start-group -lc -lm -Wl,--end-group
Finished building target: icm20600_hal.elf
 
arm-none-eabi-size  icm20600_hal.elf 
arm-none-eabi-objdump -h -S icm20600_hal.elf  > "icm20600_hal.list"
   text	   data	    bss	    dec	    hex	filename
   8492	     12	   1716	  10220	   27ec	icm20600_hal.elf
Finished building: default.size.stdout
 
Finished building: icm20600_hal.list
 
22:59:19 **** Incremental Build of configuration Debug for project icm20600_hal ****
make -j16 all 
arm-none-eabi-size  icm20600_hal.elf 
   text	   data	    bss	    dec	    hex	filename
   8492	     12	   1716	  10220	   27ec	icm20600_hal.elf
Finished building: default.size.stdout
 
23:02:35 **** Incremental Build of configuration Debug for project icm20600_hal ****
make -j16 all 
arm-none-eabi-gcc "../Core/Src/main.c" -mcpu=cortex-m4 -std=gnu11 -g3 -DDEBUG -DUSE_HAL_DRIVER -DSTM32G474xx -c -I../Core/Inc -I../Drivers/STM32G4xx_HAL_Driver/Inc -I../Drivers/STM32G4xx_HAL_Driver/Inc/Legacy -I../Drivers/CMSIS/Device/ST/STM32G4xx/Include -I../Drivers/CMSIS/Include -O0 -ffunction-sections -fdata-sections -Wall -fstack-usage -fcyclomatic-complexity -MMD -MP -MF"Core/Src/main.d" -MT"Core/Src/main.o" --specs=nano.specs -mfpu=fpv4-sp-d16 -mfloat-abi=hard -mthumb -o "Core/Src/main.o"
../Core/Src/main.c: In function 'spi_read':
../Core/Src/main.c:65:46: warning: passing argument 3 of 'HAL_SPI_TransmitReceive' makes pointer from integer without a cast [-Wint-conversion]
   65 |     HAL_SPI_TransmitReceive(&hspi1, tx_data, rx_data, 1, 50);
      |                                              ^~~~~~~
      |                                              |
      |                                              uint8_t {aka unsigned char}
In file included from ../Core/Inc/stm32g4xx_hal_conf.h:336,
                 from ../Drivers/STM32G4xx_HAL_Driver/Inc/stm32g4xx_hal.h:29,
                 from ../Core/Inc/main.h:30,
                 from ../Core/Src/main.c:20:
../Drivers/STM32G4xx_HAL_Driver/Inc/stm32g4xx_hal_spi.h:798:101: note: expected 'uint8_t *' {aka 'unsigned char *'} but argument is of type 'uint8_t' {aka 'unsigned char'}
  798 | HAL_StatusTypeDef HAL_SPI_TransmitReceive(SPI_HandleTypeDef *hspi, const uint8_t *pTxData, uint8_t *pRxData,
      |                                                                                            ~~~~~~~~~^~~~~~~
../Core/Src/main.c:66:46: warning: passing argument 3 of 'HAL_SPI_TransmitReceive' makes pointer from integer without a cast [-Wint-conversion]
   66 |     HAL_SPI_TransmitReceive(&hspi1, tx_data, rx_data2, 1, 50);
      |                                              ^~~~~~~~
      |                                              |
      |                                              uint8_t {aka unsigned char}
../Drivers/STM32G4xx_HAL_Driver/Inc/stm32g4xx_hal_spi.h:798:101: note: expected 'uint8_t *' {aka 'unsigned char *'} but argument is of type 'uint8_t' {aka 'unsigned char'}
  798 | HAL_StatusTypeDef HAL_SPI_TransmitReceive(SPI_HandleTypeDef *hspi, const uint8_t *pTxData, uint8_t *pRxData,
      |                                                                                            ~~~~~~~~~^~~~~~~
arm-none-eabi-gcc -o "icm20600_hal.elf" @"objects.list"   -mcpu=cortex-m4 -T"D:\Git_repositories\stm32_icm20600_spi_hal\icm20600_hal\STM32G474RETX_FLASH.ld" --specs=nosys.specs -Wl,-Map="icm20600_hal.map" -Wl,--gc-sections -static --specs=nano.specs -mfpu=fpv4-sp-d16 -mfloat-abi=hard -mthumb -Wl,--start-group -lc -lm -Wl,--end-group
Finished building target: icm20600_hal.elf
 
arm-none-eabi-size  icm20600_hal.elf 
arm-none-eabi-objdump -h -S icm20600_hal.elf  > "icm20600_hal.list"
   text	   data	    bss	    dec	    hex	filename
   8496	     12	   1716	  10224	   27f0	icm20600_hal.elf
Finished building: default.size.stdout
 
Finished building: icm20600_hal.list
 
23:03:13 **** Incremental Build of configuration Debug for project icm20600_hal ****
make -j16 all 
arm-none-eabi-size  icm20600_hal.elf 
   text	   data	    bss	    dec	    hex	filename
   8496	     12	   1716	  10224	   27f0	icm20600_hal.elf
Finished building: default.size.stdout
 
23:08:43 **** Incremental Build of configuration Debug for project icm20600_hal ****
make -j16 all 
arm-none-eabi-gcc "../Core/Src/main.c" -mcpu=cortex-m4 -std=gnu11 -g3 -DDEBUG -DUSE_HAL_DRIVER -DSTM32G474xx -c -I../Core/Inc -I../Drivers/STM32G4xx_HAL_Driver/Inc -I../Drivers/STM32G4xx_HAL_Driver/Inc/Legacy -I../Drivers/CMSIS/Device/ST/STM32G4xx/Include -I../Drivers/CMSIS/Include -O0 -ffunction-sections -fdata-sections -Wall -fstack-usage -fcyclomatic-complexity -MMD -MP -MF"Core/Src/main.d" -MT"Core/Src/main.o" --specs=nano.specs -mfpu=fpv4-sp-d16 -mfloat-abi=hard -mthumb -o "Core/Src/main.o"
../Core/Src/main.c: In function 'spi_read':
../Core/Src/main.c:65:44: warning: passing argument 2 of 'HAL_SPI_TransmitReceive' makes pointer from integer without a cast [-Wint-conversion]
   65 |     HAL_SPI_TransmitReceive(&hspi1, tx_data[0], rx_data, 1, 50);
      |                                     ~~~~~~~^~~
      |                                            |
      |                                            uint8_t {aka unsigned char}
In file included from ../Core/Inc/stm32g4xx_hal_conf.h:336,
                 from ../Drivers/STM32G4xx_HAL_Driver/Inc/stm32g4xx_hal.h:29,
                 from ../Core/Inc/main.h:30,
                 from ../Core/Src/main.c:20:
../Drivers/STM32G4xx_HAL_Driver/Inc/stm32g4xx_hal_spi.h:798:83: note: expected 'const uint8_t *' {aka 'const unsigned char *'} but argument is of type 'uint8_t' {aka 'unsigned char'}
  798 | HAL_StatusTypeDef HAL_SPI_TransmitReceive(SPI_HandleTypeDef *hspi, const uint8_t *pTxData, uint8_t *pRxData,
      |                                                                    ~~~~~~~~~~~~~~~^~~~~~~
../Core/Src/main.c:65:49: warning: passing argument 3 of 'HAL_SPI_TransmitReceive' makes pointer from integer without a cast [-Wint-conversion]
   65 |     HAL_SPI_TransmitReceive(&hspi1, tx_data[0], rx_data, 1, 50);
      |                                                 ^~~~~~~
      |                                                 |
      |                                                 uint8_t {aka unsigned char}
../Drivers/STM32G4xx_HAL_Driver/Inc/stm32g4xx_hal_spi.h:798:101: note: expected 'uint8_t *' {aka 'unsigned char *'} but argument is of type 'uint8_t' {aka 'unsigned char'}
  798 | HAL_StatusTypeDef HAL_SPI_TransmitReceive(SPI_HandleTypeDef *hspi, const uint8_t *pTxData, uint8_t *pRxData,
      |                                                                                            ~~~~~~~~~^~~~~~~
../Core/Src/main.c:67:44: warning: passing argument 2 of 'HAL_SPI_TransmitReceive' makes pointer from integer without a cast [-Wint-conversion]
   67 |     HAL_SPI_TransmitReceive(&hspi1, tx_data[1], rx_data2, 1, 50);
      |                                     ~~~~~~~^~~
      |                                            |
      |                                            uint8_t {aka unsigned char}
../Drivers/STM32G4xx_HAL_Driver/Inc/stm32g4xx_hal_spi.h:798:83: note: expected 'const uint8_t *' {aka 'const unsigned char *'} but argument is of type 'uint8_t' {aka 'unsigned char'}
  798 | HAL_StatusTypeDef HAL_SPI_TransmitReceive(SPI_HandleTypeDef *hspi, const uint8_t *pTxData, uint8_t *pRxData,
      |                                                                    ~~~~~~~~~~~~~~~^~~~~~~
../Core/Src/main.c:67:49: warning: passing argument 3 of 'HAL_SPI_TransmitReceive' makes pointer from integer without a cast [-Wint-conversion]
   67 |     HAL_SPI_TransmitReceive(&hspi1, tx_data[1], rx_data2, 1, 50);
      |                                                 ^~~~~~~~
      |                                                 |
      |                                                 uint8_t {aka unsigned char}
../Drivers/STM32G4xx_HAL_Driver/Inc/stm32g4xx_hal_spi.h:798:101: note: expected 'uint8_t *' {aka 'unsigned char *'} but argument is of type 'uint8_t' {aka 'unsigned char'}
  798 | HAL_StatusTypeDef HAL_SPI_TransmitReceive(SPI_HandleTypeDef *hspi, const uint8_t *pTxData, uint8_t *pRxData,
      |                                                                                            ~~~~~~~~~^~~~~~~
arm-none-eabi-gcc -o "icm20600_hal.elf" @"objects.list"   -mcpu=cortex-m4 -T"D:\Git_repositories\stm32_icm20600_spi_hal\icm20600_hal\STM32G474RETX_FLASH.ld" --specs=nosys.specs -Wl,-Map="icm20600_hal.map" -Wl,--gc-sections -static --specs=nano.specs -mfpu=fpv4-sp-d16 -mfloat-abi=hard -mthumb -Wl,--start-group -lc -lm -Wl,--end-group
Finished building target: icm20600_hal.elf
 
arm-none-eabi-size  icm20600_hal.elf 
arm-none-eabi-objdump -h -S icm20600_hal.elf  > "icm20600_hal.list"
   text	   data	    bss	    dec	    hex	filename
   8580	     12	   1716	  10308	   2844	icm20600_hal.elf
Finished building: default.size.stdout
 
Finished building: icm20600_hal.list
 
13:34:36 **** Incremental Build of configuration Debug for project icm20600_hal ****
make -j16 all 
arm-none-eabi-gcc "../Core/Src/main.c" -mcpu=cortex-m4 -std=gnu11 -g3 -DDEBUG -DUSE_HAL_DRIVER -DSTM32G474xx -c -I../Core/Inc -I../Drivers/STM32G4xx_HAL_Driver/Inc -I../Drivers/STM32G4xx_HAL_Driver/Inc/Legacy -I../Drivers/CMSIS/Device/ST/STM32G4xx/Include -I../Drivers/CMSIS/Include -O0 -ffunction-sections -fdata-sections -Wall -fstack-usage -fcyclomatic-complexity -MMD -MP -MF"Core/Src/main.d" -MT"Core/Src/main.o" --specs=nano.specs -mfpu=fpv4-sp-d16 -mfloat-abi=hard -mthumb -o "Core/Src/main.o"
../Core/Src/main.c: In function 'spi_read':
../Core/Src/main.c:65:44: warning: passing argument 2 of 'HAL_SPI_TransmitReceive' makes pointer from integer without a cast [-Wint-conversion]
   65 |     HAL_SPI_TransmitReceive(&hspi1, tx_data[0], rx_data, 1, 50);
      |                                     ~~~~~~~^~~
      |                                            |
      |                                            uint8_t {aka unsigned char}
In file included from ../Core/Inc/stm32g4xx_hal_conf.h:336,
                 from ../Drivers/STM32G4xx_HAL_Driver/Inc/stm32g4xx_hal.h:29,
                 from ../Core/Inc/main.h:30,
                 from ../Core/Src/main.c:20:
../Drivers/STM32G4xx_HAL_Driver/Inc/stm32g4xx_hal_spi.h:798:83: note: expected 'const uint8_t *' {aka 'const unsigned char *'} but argument is of type 'uint8_t' {aka 'unsigned char'}
  798 | HAL_StatusTypeDef HAL_SPI_TransmitReceive(SPI_HandleTypeDef *hspi, const uint8_t *pTxData, uint8_t *pRxData,
      |                                                                    ~~~~~~~~~~~~~~~^~~~~~~
../Core/Src/main.c:65:49: warning: passing argument 3 of 'HAL_SPI_TransmitReceive' makes pointer from integer without a cast [-Wint-conversion]
   65 |     HAL_SPI_TransmitReceive(&hspi1, tx_data[0], rx_data, 1, 50);
      |                                                 ^~~~~~~
      |                                                 |
      |                                                 uint8_t {aka unsigned char}
../Drivers/STM32G4xx_HAL_Driver/Inc/stm32g4xx_hal_spi.h:798:101: note: expected 'uint8_t *' {aka 'unsigned char *'} but argument is of type 'uint8_t' {aka 'unsigned char'}
  798 | HAL_StatusTypeDef HAL_SPI_TransmitReceive(SPI_HandleTypeDef *hspi, const uint8_t *pTxData, uint8_t *pRxData,
      |                                                                                            ~~~~~~~~~^~~~~~~
../Core/Src/main.c:67:44: warning: passing argument 2 of 'HAL_SPI_TransmitReceive' makes pointer from integer without a cast [-Wint-conversion]
   67 |     HAL_SPI_TransmitReceive(&hspi1, tx_data[1], rx_data2, 1, 50);
      |                                     ~~~~~~~^~~
      |                                            |
      |                                            uint8_t {aka unsigned char}
../Drivers/STM32G4xx_HAL_Driver/Inc/stm32g4xx_hal_spi.h:798:83: note: expected 'const uint8_t *' {aka 'const unsigned char *'} but argument is of type 'uint8_t' {aka 'unsigned char'}
  798 | HAL_StatusTypeDef HAL_SPI_TransmitReceive(SPI_HandleTypeDef *hspi, const uint8_t *pTxData, uint8_t *pRxData,
      |                                                                    ~~~~~~~~~~~~~~~^~~~~~~
../Core/Src/main.c:67:49: warning: passing argument 3 of 'HAL_SPI_TransmitReceive' makes pointer from integer without a cast [-Wint-conversion]
   67 |     HAL_SPI_TransmitReceive(&hspi1, tx_data[1], rx_data2, 1, 50);
      |                                                 ^~~~~~~~
      |                                                 |
      |                                                 uint8_t {aka unsigned char}
../Drivers/STM32G4xx_HAL_Driver/Inc/stm32g4xx_hal_spi.h:798:101: note: expected 'uint8_t *' {aka 'unsigned char *'} but argument is of type 'uint8_t' {aka 'unsigned char'}
  798 | HAL_StatusTypeDef HAL_SPI_TransmitReceive(SPI_HandleTypeDef *hspi, const uint8_t *pTxData, uint8_t *pRxData,
      |                                                                                            ~~~~~~~~~^~~~~~~
arm-none-eabi-gcc -o "icm20600_hal.elf" @"objects.list"   -mcpu=cortex-m4 -T"D:\Git_repositories\stm32_icm20600_spi_hal\icm20600_hal\STM32G474RETX_FLASH.ld" --specs=nosys.specs -Wl,-Map="icm20600_hal.map" -Wl,--gc-sections -static --specs=nano.specs -mfpu=fpv4-sp-d16 -mfloat-abi=hard -mthumb -Wl,--start-group -lc -lm -Wl,--end-group
Finished building target: icm20600_hal.elf
 
arm-none-eabi-size  icm20600_hal.elf 
arm-none-eabi-objdump -h -S icm20600_hal.elf  > "icm20600_hal.list"
   text	   data	    bss	    dec	    hex	filename
   8580	     12	   1716	  10308	   2844	icm20600_hal.elf
Finished building: default.size.stdout
 
Finished building: icm20600_hal.list
 
13:36:40 **** Incremental Build of configuration Debug for project icm20600_hal ****
make -j16 all 
arm-none-eabi-gcc "../Core/Src/main.c" -mcpu=cortex-m4 -std=gnu11 -g3 -DDEBUG -DUSE_HAL_DRIVER -DSTM32G474xx -c -I../Core/Inc -I../Drivers/STM32G4xx_HAL_Driver/Inc -I../Drivers/STM32G4xx_HAL_Driver/Inc/Legacy -I../Drivers/CMSIS/Device/ST/STM32G4xx/Include -I../Drivers/CMSIS/Include -O0 -ffunction-sections -fdata-sections -Wall -fstack-usage -fcyclomatic-complexity -MMD -MP -MF"Core/Src/main.d" -MT"Core/Src/main.o" --specs=nano.specs -mfpu=fpv4-sp-d16 -mfloat-abi=hard -mthumb -o "Core/Src/main.o"
arm-none-eabi-gcc -o "icm20600_hal.elf" @"objects.list"   -mcpu=cortex-m4 -T"D:\Git_repositories\stm32_icm20600_spi_hal\icm20600_hal\STM32G474RETX_FLASH.ld" --specs=nosys.specs -Wl,-Map="icm20600_hal.map" -Wl,--gc-sections -static --specs=nano.specs -mfpu=fpv4-sp-d16 -mfloat-abi=hard -mthumb -Wl,--start-group -lc -lm -Wl,--end-group
Finished building target: icm20600_hal.elf
 
arm-none-eabi-size  icm20600_hal.elf 
arm-none-eabi-objdump -h -S icm20600_hal.elf  > "icm20600_hal.list"
   text	   data	    bss	    dec	    hex	filename
   8564	     12	   1716	  10292	   2834	icm20600_hal.elf
Finished building: default.size.stdout
 
Finished building: icm20600_hal.list
 
13:39:07 **** Incremental Build of configuration Debug for project icm ****
make -j16 all 
arm-none-eabi-size  icm.elf 
   text	   data	    bss	    dec	    hex	filename
[...]
  149 |   spi_write(0x6B,0x00);
      |             ^~~~
      |             |
      |             int
../Core/Src/main.c:78:26: note: expected 'uint8_t *' {aka 'unsigned char *'} but argument is of type 'int'
   78 |  void spi_write(uint8_t *reg_address, uint8_t *data)
      |                 ~~~~~~~~~^~~~~~~~~~~
../Core/Src/main.c:151:13: warning: passing argument 1 of 'spi_write' makes pointer from integer without a cast [-Wint-conversion]
  151 |   spi_write(0x1B, GYRO_SCALE << 3);
      |             ^~~~
      |             |
      |             int
../Core/Src/main.c:78:26: note: expected 'uint8_t *' {aka 'unsigned char *'} but argument is of type 'int'
   78 |  void spi_write(uint8_t *reg_address, uint8_t *data)
      |                 ~~~~~~~~~^~~~~~~~~~~
../Core/Src/main.c:35:20: warning: passing argument 2 of 'spi_write' makes pointer from integer without a cast [-Wint-conversion]
   35 | #define GYRO_SCALE 0b11  //00 = 250dps, 01 = 500dps, 10 = 1000dps, 11 = 2000dps
      |                    ^
      |                    |
      |                    int
../Core/Src/main.c:151:19: note: in expansion of macro 'GYRO_SCALE'
  151 |   spi_write(0x1B, GYRO_SCALE << 3);
      |                   ^~~~~~~~~~
../Core/Src/main.c:78:48: note: expected 'uint8_t *' {aka 'unsigned char *'} but argument is of type 'int'
   78 |  void spi_write(uint8_t *reg_address, uint8_t *data)
      |                                       ~~~~~~~~~^~~~
../Core/Src/main.c:152:13: warning: passing argument 1 of 'spi_write' makes pointer from integer without a cast [-Wint-conversion]
  152 |   spi_write(0x1C, ACCEL_SCALE << 3);
      |             ^~~~
      |             |
      |             int
../Core/Src/main.c:78:26: note: expected 'uint8_t *' {aka 'unsigned char *'} but argument is of type 'int'
   78 |  void spi_write(uint8_t *reg_address, uint8_t *data)
      |                 ~~~~~~~~~^~~~~~~~~~~
../Core/Src/main.c:34:21: warning: passing argument 2 of 'spi_write' makes pointer from integer without a cast [-Wint-conversion]
   34 | #define ACCEL_SCALE 0b11 //00 = 2g, 01 = 4g, 10 = 8g, 11 = 16g
      |                     ^
      |                     |
      |                     int
../Core/Src/main.c:152:19: note: in expansion of macro 'ACCEL_SCALE'
  152 |   spi_write(0x1C, ACCEL_SCALE << 3);
      |                   ^~~~~~~~~~~
../Core/Src/main.c:78:48: note: expected 'uint8_t *' {aka 'unsigned char *'} but argument is of type 'int'
   78 |  void spi_write(uint8_t *reg_address, uint8_t *data)
      |                                       ~~~~~~~~~^~~~
arm-none-eabi-gcc -o "icm20600_hal.elf" @"objects.list"   -mcpu=cortex-m4 -T"D:\Git_repositories\stm32_icm20600_spi_hal\icm20600_hal\STM32G474RETX_FLASH.ld" --specs=nosys.specs -Wl,-Map="icm20600_hal.map" -Wl,--gc-sections -static --specs=nano.specs -mfpu=fpv4-sp-d16 -mfloat-abi=hard -mthumb -Wl,--start-group -lc -lm -Wl,--end-group
Finished building target: icm20600_hal.elf
 
arm-none-eabi-size  icm20600_hal.elf 
arm-none-eabi-objdump -h -S icm20600_hal.elf  > "icm20600_hal.list"
   text	   data	    bss	    dec	    hex	filename
   9800	     44	   1764	  11608	   2d58	icm20600_hal.elf
Finished building: default.size.stdout
 
Finished building: icm20600_hal.list
 
17:28:23 **** Incremental Build of configuration Debug for project icm20600_hal ****
make -j16 all 
arm-none-eabi-gcc "../Core/Src/main.c" -mcpu=cortex-m4 -std=gnu11 -g3 -DDEBUG -DUSE_HAL_DRIVER -DSTM32G474xx -c -I../Core/Inc -I../Drivers/STM32G4xx_HAL_Driver/Inc -I../Drivers/STM32G4xx_HAL_Driver/Inc/Legacy -I../Drivers/CMSIS/Device/ST/STM32G4xx/Include -I../Drivers/CMSIS/Include -O0 -ffunction-sections -fdata-sections -Wall -fstack-usage -fcyclomatic-complexity -MMD -MP -MF"Core/Src/main.d" -MT"Core/Src/main.o" --specs=nano.specs -mfpu=fpv4-sp-d16 -mfloat-abi=hard -mthumb -o "Core/Src/main.o"
../Core/Src/main.c: In function 'main':
../Core/Src/main.c:149:13: warning: passing argument 1 of 'spi_write' makes pointer from integer without a cast [-Wint-conversion]
  149 |   spi_write(0x6B,0x00);
      |             ^~~~
      |             |
      |             int
../Core/Src/main.c:78:26: note: expected 'uint8_t *' {aka 'unsigned char *'} but argument is of type 'int'
   78 |  void spi_write(uint8_t *reg_address, uint8_t *data)
      |                 ~~~~~~~~~^~~~~~~~~~~
../Core/Src/main.c:151:19: error: lvalue required as unary '&' operand
  151 |   spi_write(0x1B, &(GYRO_SCALE << 3));
      |                   ^
../Core/Src/main.c:151:13: warning: passing argument 1 of 'spi_write' makes pointer from integer without a cast [-Wint-conversion]
  151 |   spi_write(0x1B, &(GYRO_SCALE << 3));
      |             ^~~~
      |             |
      |             int
../Core/Src/main.c:78:26: note: expected 'uint8_t *' {aka 'unsigned char *'} but argument is of type 'int'
   78 |  void spi_write(uint8_t *reg_address, uint8_t *data)
      |                 ~~~~~~~~~^~~~~~~~~~~
../Core/Src/main.c:152:19: error: lvalue required as unary '&' operand
  152 |   spi_write(0x1C, &(ACCEL_SCALE << 3));
      |                   ^
../Core/Src/main.c:152:13: warning: passing argument 1 of 'spi_write' makes pointer from integer without a cast [-Wint-conversion]
  152 |   spi_write(0x1C, &(ACCEL_SCALE << 3));
      |             ^~~~
      |             |
      |             int
../Core/Src/main.c:78:26: note: expected 'uint8_t *' {aka 'unsigned char *'} but argument is of type 'int'
   78 |  void spi_write(uint8_t *reg_address, uint8_t *data)
      |                 ~~~~~~~~~^~~~~~~~~~~
make: *** [Core/Src/subdir.mk:34: Core/Src/main.o] Error 1
"make -j16 all" terminated with exit code 2. Build might be incomplete.
17:28:42 **** Incremental Build of configuration Debug for project icm20600_hal ****
make -j16 all 
arm-none-eabi-gcc "../Core/Src/main.c" -mcpu=cortex-m4 -std=gnu11 -g3 -DDEBUG -DUSE_HAL_DRIVER -DSTM32G474xx -c -I../Core/Inc -I../Drivers/STM32G4xx_HAL_Driver/Inc -I../Drivers/STM32G4xx_HAL_Driver/Inc/Legacy -I../Drivers/CMSIS/Device/ST/STM32G4xx/Include -I../Drivers/CMSIS/Include -O0 -ffunction-sections -fdata-sections -Wall -fstack-usage -fcyclomatic-complexity -MMD -MP -MF"Core/Src/main.d" -MT"Core/Src/main.o" --specs=nano.specs -mfpu=fpv4-sp-d16 -mfloat-abi=hard -mthumb -o "Core/Src/main.o"
../Core/Src/main.c: In function 'main':
../Core/Src/main.c:149:13: warning: passing argument 1 of 'spi_write' makes pointer from integer without a cast [-Wint-conversion]
  149 |   spi_write(0x6B,0x00);
      |             ^~~~
      |             |
      |             int
../Core/Src/main.c:78:26: note: expected 'uint8_t *' {aka 'unsigned char *'} but argument is of type 'int'
   78 |  void spi_write(uint8_t *reg_address, uint8_t *data)
      |                 ~~~~~~~~~^~~~~~~~~~~
../Core/Src/main.c:151:13: warning: passing argument 1 of 'spi_write' makes pointer from integer without a cast [-Wint-conversion]
  151 |   spi_write(0x1B, GYRO_SCALE << 3);
      |             ^~~~
      |             |
      |             int
../Core/Src/main.c:78:26: note: expected 'uint8_t *' {aka 'unsigned char *'} but argument is of type 'int'
   78 |  void spi_write(uint8_t *reg_address, uint8_t *data)
      |                 ~~~~~~~~~^~~~~~~~~~~
../Core/Src/main.c:35:20: warning: passing argument 2 of 'spi_write' makes pointer from integer without a cast [-Wint-conversion]
   35 | #define GYRO_SCALE 0b11  //00 = 250dps, 01 = 500dps, 10 = 1000dps, 11 = 2000dps
      |                    ^
      |                    |
      |                    int
../Core/Src/main.c:151:19: note: in expansion of macro 'GYRO_SCALE'
  151 |   spi_write(0x1B, GYRO_SCALE << 3);
      |                   ^~~~~~~~~~
../Core/Src/main.c:78:48: note: expected 'uint8_t *' {aka 'unsigned char *'} but argument is of type 'int'
   78 |  void spi_write(uint8_t *reg_address, uint8_t *data)
      |                                       ~~~~~~~~~^~~~
../Core/Src/main.c:152:19: error: lvalue required as unary '&' operand
  152 |   spi_write(0x1C, &ACCEL_SCALE << 3);
      |                   ^
../Core/Src/main.c:152:13: warning: passing argument 1 of 'spi_write' makes pointer from integer without a cast [-Wint-conversion]
  152 |   spi_write(0x1C, &ACCEL_SCALE << 3);
      |             ^~~~
      |             |
      |             int
../Core/Src/main.c:78:26: note: expected 'uint8_t *' {aka 'unsigned char *'} but argument is of type 'int'
   78 |  void spi_write(uint8_t *reg_address, uint8_t *data)
      |                 ~~~~~~~~~^~~~~~~~~~~
make: *** [Core/Src/subdir.mk:34: Core/Src/main.o] Error 1
"make -j16 all" terminated with exit code 2. Build might be incomplete.
17:28:55 **** Incremental Build of configuration Debug for project icm20600_hal ****
make -j16 all 
arm-none-eabi-gcc "../Core/Src/main.c" -mcpu=cortex-m4 -std=gnu11 -g3 -DDEBUG -DUSE_HAL_DRIVER -DSTM32G474xx -c -I../Core/Inc -I../Drivers/STM32G4xx_HAL_Driver/Inc -I../Drivers/STM32G4xx_HAL_Driver/Inc/Legacy -I../Drivers/CMSIS/Device/ST/STM32G4xx/Include -I../Drivers/CMSIS/Include -O0 -ffunction-sections -fdata-sections -Wall -fstack-usage -fcyclomatic-complexity -MMD -MP -MF"Core/Src/main.d" -MT"Core/Src/main.o" --specs=nano.specs -mfpu=fpv4-sp-d16 -mfloat-abi=hard -mthumb -o "Core/Src/main.o"
../Core/Src/main.c: In function 'main':
../Core/Src/main.c:149:13: warning: passing argument 1 of 'spi_write' makes pointer from integer without a cast [-Wint-conversion]
  149 |   spi_write(0x6B,0x00);
      |             ^~~~
      |             |
      |             int
../Core/Src/main.c:78:26: note: expected 'uint8_t *' {aka 'unsigned char *'} but argument is of type 'int'
   78 |  void spi_write(uint8_t *reg_address, uint8_t *data)
      |                 ~~~~~~~~~^~~~~~~~~~~
../Core/Src/main.c:151:13: warning: passing argument 1 of 'spi_write' makes pointer from integer without a cast [-Wint-conversion]
  151 |   spi_write(0x1B, GYRO_SCALE << 3);
      |             ^~~~
      |             |
      |             int
../Core/Src/main.c:78:26: note: expected 'uint8_t *' {aka 'unsigned char *'} but argument is of type 'int'
   78 |  void spi_write(uint8_t *reg_address, uint8_t *data)
      |                 ~~~~~~~~~^~~~~~~~~~~
../Core/Src/main.c:35:20: warning: passing argument 2 of 'spi_write' makes pointer from integer without a cast [-Wint-conversion]
   35 | #define GYRO_SCALE 0b11  //00 = 250dps, 01 = 500dps, 10 = 1000dps, 11 = 2000dps
      |                    ^
      |                    |
      |                    int
../Core/Src/main.c:151:19: note: in expansion of macro 'GYRO_SCALE'
  151 |   spi_write(0x1B, GYRO_SCALE << 3);
      |                   ^~~~~~~~~~
../Core/Src/main.c:78:48: note: expected 'uint8_t *' {aka 'unsigned char *'} but argument is of type 'int'
   78 |  void spi_write(uint8_t *reg_address, uint8_t *data)
      |                                       ~~~~~~~~~^~~~
../Core/Src/main.c:152:13: warning: passing argument 1 of 'spi_write' makes pointer from integer without a cast [-Wint-conversion]
  152 |   spi_write(0x1C, ACCEL_SCALE << 3);
      |             ^~~~
      |             |
      |             int
../Core/Src/main.c:78:26: note: expected 'uint8_t *' {aka 'unsigned char *'} but argument is of type 'int'
   78 |  void spi_write(uint8_t *reg_address, uint8_t *data)
      |                 ~~~~~~~~~^~~~~~~~~~~
../Core/Src/main.c:34:21: warning: passing argument 2 of 'spi_write' makes pointer from integer without a cast [-Wint-conversion]
   34 | #define ACCEL_SCALE 0b11 //00 = 2g, 01 = 4g, 10 = 8g, 11 = 16g
      |                     ^
      |                     |
      |                     int
../Core/Src/main.c:152:19: note: in expansion of macro 'ACCEL_SCALE'
  152 |   spi_write(0x1C, ACCEL_SCALE << 3);
      |                   ^~~~~~~~~~~
../Core/Src/main.c:78:48: note: expected 'uint8_t *' {aka 'unsigned char *'} but argument is of type 'int'
   78 |  void spi_write(uint8_t *reg_address, uint8_t *data)
      |                                       ~~~~~~~~~^~~~
arm-none-eabi-gcc -o "icm20600_hal.elf" @"objects.list"   -mcpu=cortex-m4 -T"D:\Git_repositories\stm32_icm20600_spi_hal\icm20600_hal\STM32G474RETX_FLASH.ld" --specs=nosys.specs -Wl,-Map="icm20600_hal.map" -Wl,--gc-sections -static --specs=nano.specs -mfpu=fpv4-sp-d16 -mfloat-abi=hard -mthumb -Wl,--start-group -lc -lm -Wl,--end-group
Finished building target: icm20600_hal.elf
 
arm-none-eabi-size  icm20600_hal.elf 
arm-none-eabi-objdump -h -S icm20600_hal.elf  > "icm20600_hal.list"
   text	   data	    bss	    dec	    hex	filename
   9800	     44	   1764	  11608	   2d58	icm20600_hal.elf
Finished building: default.size.stdout
 
Finished building: icm20600_hal.list
 
17:30:08 **** Incremental Build of configuration Debug for project icm20600_hal ****
make -j16 all 
arm-none-eabi-gcc "../Core/Src/main.c" -mcpu=cortex-m4 -std=gnu11 -g3 -DDEBUG -DUSE_HAL_DRIVER -DSTM32G474xx -c -I../Core/Inc -I../Drivers/STM32G4xx_HAL_Driver/Inc -I../Drivers/STM32G4xx_HAL_Driver/Inc/Legacy -I../Drivers/CMSIS/Device/ST/STM32G4xx/Include -I../Drivers/CMSIS/Include -O0 -ffunction-sections -fdata-sections -Wall -fstack-usage -fcyclomatic-complexity -MMD -MP -MF"Core/Src/main.d" -MT"Core/Src/main.o" --specs=nano.specs -mfpu=fpv4-sp-d16 -mfloat-abi=hard -mthumb -o "Core/Src/main.o"
../Core/Src/main.c: In function 'spi_write':
../Core/Src/main.c:82:36: warning: passing argument 2 of 'HAL_SPI_Transmit' from incompatible pointer type [-Wincompatible-pointer-types]
   82 |           HAL_SPI_Transmit(&hspi1, &reg_address, 1, 30);
      |                                    ^~~~~~~~~~~~
      |                                    |
      |                                    uint8_t ** {aka unsigned char **}
In file included from ../Core/Inc/stm32g4xx_hal_conf.h:336,
                 from ../Drivers/STM32G4xx_HAL_Driver/Inc/stm32g4xx_hal.h:29,
                 from ../Core/Inc/main.h:30,
                 from ../Core/Src/main.c:20:
../Drivers/STM32G4xx_HAL_Driver/Inc/stm32g4xx_hal_spi.h:796:76: note: expected 'const uint8_t *' {aka 'const unsigned char *'} but argument is of type 'uint8_t **' {aka 'unsigned char **'}
  796 | HAL_StatusTypeDef HAL_SPI_Transmit(SPI_HandleTypeDef *hspi, const uint8_t *pData, uint16_t Size, uint32_t Timeout);
      |                                                             ~~~~~~~~~~~~~~~^~~~~
../Core/Src/main.c:84:36: warning: passing argument 2 of 'HAL_SPI_Transmit' from incompatible pointer type [-Wincompatible-pointer-types]
   84 |           HAL_SPI_Transmit(&hspi1, &data, 1 , 30);
      |                                    ^~~~~
      |                                    |
      |                                    uint8_t ** {aka unsigned char **}
../Drivers/STM32G4xx_HAL_Driver/Inc/stm32g4xx_hal_spi.h:796:76: note: expected 'const uint8_t *' {aka 'const unsigned char *'} but argument is of type 'uint8_t **' {aka 'unsigned char **'}
  796 | HAL_StatusTypeDef HAL_SPI_Transmit(SPI_HandleTypeDef *hspi, const uint8_t *pData, uint16_t Size, uint32_t Timeout);
      |                                                             ~~~~~~~~~~~~~~~^~~~~
../Core/Src/main.c: In function 'main':
../Core/Src/main.c:149:13: warning: passing argument 1 of 'spi_write' makes pointer from integer without a cast [-Wint-conversion]
  149 |   spi_write(0x6B,0x00);
      |             ^~~~
      |             |
      |             int
../Core/Src/main.c:78:26: note: expected 'uint8_t *' {aka 'unsigned char *'} but argument is of type 'int'
   78 |  void spi_write(uint8_t *reg_address, uint8_t *data)
      |                 ~~~~~~~~~^~~~~~~~~~~
../Core/Src/main.c:151:13: warning: passing argument 1 of 'spi_write' makes pointer from integer without a cast [-Wint-conversion]
  151 |   spi_write(0x1B, GYRO_SCALE << 3);
      |             ^~~~
      |             |
      |             int
../Core/Src/main.c:78:26: note: expected 'uint8_t *' {aka 'unsigned char *'} but argument is of type 'int'
   78 |  void spi_write(uint8_t *reg_address, uint8_t *data)
      |                 ~~~~~~~~~^~~~~~~~~~~
../Core/Src/main.c:35:20: warning: passing argument 2 of 'spi_write' makes pointer from integer without a cast [-Wint-conversion]
   35 | #define GYRO_SCALE 0b11  //00 = 250dps, 01 = 500dps, 10 = 1000dps, 11 = 2000dps
      |                    ^
      |                    |
      |                    int
../Core/Src/main.c:151:19: note: in expansion of macro 'GYRO_SCALE'
  151 |   spi_write(0x1B, GYRO_SCALE << 3);
      |                   ^~~~~~~~~~
../Core/Src/main.c:78:48: note: expected 'uint8_t *' {aka 'unsigned char *'} but argument is of type 'int'
   78 |  void spi_write(uint8_t *reg_address, uint8_t *data)
      |                                       ~~~~~~~~~^~~~
../Core/Src/main.c:152:13: warning: passing argument 1 of 'spi_write' makes pointer from integer without a cast [-Wint-conversion]
  152 |   spi_write(0x1C, ACCEL_SCALE << 3);
      |             ^~~~
      |             |
      |             int
../Core/Src/main.c:78:26: note: expected 'uint8_t *' {aka 'unsigned char *'} but argument is of type 'int'
   78 |  void spi_write(uint8_t *reg_address, uint8_t *data)
      |                 ~~~~~~~~~^~~~~~~~~~~
../Core/Src/main.c:34:21: warning: passing argument 2 of 'spi_write' makes pointer from integer without a cast [-Wint-conversion]
   34 | #define ACCEL_SCALE 0b11 //00 = 2g, 01 = 4g, 10 = 8g, 11 = 16g
      |                     ^
      |                     |
      |                     int
../Core/Src/main.c:152:19: note: in expansion of macro 'ACCEL_SCALE'
  152 |   spi_write(0x1C, ACCEL_SCALE << 3);
      |                   ^~~~~~~~~~~
../Core/Src/main.c:78:48: note: expected 'uint8_t *' {aka 'unsigned char *'} but argument is of type 'int'
   78 |  void spi_write(uint8_t *reg_address, uint8_t *data)
      |                                       ~~~~~~~~~^~~~
arm-none-eabi-gcc -o "icm20600_hal.elf" @"objects.list"   -mcpu=cortex-m4 -T"D:\Git_repositories\stm32_icm20600_spi_hal\icm20600_hal\STM32G474RETX_FLASH.ld" --specs=nosys.specs -Wl,-Map="icm20600_hal.map" -Wl,--gc-sections -static --specs=nano.specs -mfpu=fpv4-sp-d16 -mfloat-abi=hard -mthumb -Wl,--start-group -lc -lm -Wl,--end-group
Finished building target: icm20600_hal.elf
 
arm-none-eabi-size  icm20600_hal.elf 
arm-none-eabi-objdump -h -S icm20600_hal.elf  > "icm20600_hal.list"
   text	   data	    bss	    dec	    hex	filename
   9800	     44	   1764	  11608	   2d58	icm20600_hal.elf
Finished building: default.size.stdout
 
Finished building: icm20600_hal.list
 
17:30:21 **** Incremental Build of configuration Debug for project icm20600_hal ****
make -j16 all 
arm-none-eabi-size  icm20600_hal.elf 
   text	   data	    bss	    dec	    hex	filename
   9800	     44	   1764	  11608	   2d58	icm20600_hal.elf
Finished building: default.size.stdout
 
17:31:28 **** Incremental Build of configuration Debug for project icm20600_hal ****
make -j16 all 
arm-none-eabi-size  icm20600_hal.elf 
   text	   data	    bss	    dec	    hex	filename
   9800	     44	   1764	  11608	   2d58	icm20600_hal.elf
Finished building: default.size.stdout
 
17:33:12 **** Incremental Build of configuration Debug for project icm20600_hal ****
make -j16 all 
arm-none-eabi-size  icm20600_hal.elf 
   text	   data	    bss	    dec	    hex	filename
   9800	     44	   1764	  11608	   2d58	icm20600_hal.elf
Finished building: default.size.stdout
 
17:34:52 **** Incremental Build of configuration Debug for project icm20600_hal ****
make -j16 all 
arm-none-eabi-size  icm20600_hal.elf 
   text	   data	    bss	    dec	    hex	filename
   9800	     44	   1764	  11608	   2d58	icm20600_hal.elf
Finished building: default.size.stdout
 
17:37:49 **** Incremental Build of configuration Debug for project icm20600_hal ****
make -j16 all 
arm-none-eabi-size  icm20600_hal.elf 
   text	   data	    bss	    dec	    hex	filename
   9800	     44	   1764	  11608	   2d58	icm20600_hal.elf
Finished building: default.size.stdout
 
